1787638657.008183615 device='cuda'
1787638657.561899089 epoch=0
1787638657.582609669 step=0
1787638663.111833173 step=50
1787638667.997952677 step=100
1787638672.857578480 step=150
1787638677.688770561 step=200
1787638682.696265250 step=250
1787638687.607418330 step=300
1787638692.611389206 step=350
1787638697.447817262 step=400
1787638702.402616274 step=450
1787638704.720469845 epoch=1
1787638704.735395152 step=0
1787638709.714499214 step=50
1787638714.755200772 step=100
1787638719.659464545 step=150
1787638724.570418352 step=200
1787638729.449352429 step=250
1787638734.348404905 step=300
1787638739.249869410 step=350
1787638744.233243200 step=400
1787638749.196453498 step=450
1787638751.395259192 epoch=2
1787638751.415042524 step=0
1787638756.365312827 step=50
1787638761.293542669 step=100
1787638766.278572653 step=150
1787638771.318597759 step=200
1787638776.489343873 step=250
1787638781.482972722 step=300
1787638786.479589889 step=350
1787638791.536015380 step=400
1787638796.575963734 step=450
1787638798.893163851 epoch=3
1787638798.922319146 step=0
1787638803.890275449 step=50
1787638808.908495950 step=100
1787638813.897257813 step=150
1787638819.056425289 step=200
1787638824.115878031 step=250
1787638829.179347445 step=300
1787638834.183389848 step=350
1787638839.185280996 step=400
1787638844.221306665 step=450
1787638846.676332470 epoch=4
1787638846.698704798 step=0
1787638851.679441495 step=50
1787638856.717470263 step=100
1787638861.677814458 step=150
1787638866.798430418 step=200
1787638871.817314333 step=250
1787638876.814325454 step=300
1787638881.903992841 step=350
1787638886.928873023 step=400
1787638891.924419154 step=450
1787638894.112969159 Sampling...
1787638894.117890230 device=device(type='cuda')
1787638894.121659462 Sampling with ddim_skip (method ignored)
1787638894.265020559 Saving 10 samples to PosixPath('outputs/epoch_5.png') in a 3x4 grid...
1787638894.732210538 epoch=5
1787638894.752400512 step=0
1787638899.752426781 step=50
1787638904.813429314 step=100
1787638909.798537455 step=150
1787638914.780457429 step=200
1787638919.776797102 step=250
1787638924.781392480 step=300
1787638929.777458625 step=350
1787638934.948803441 step=400
1787638940.040221113 step=450
1787638942.258306263 epoch=6
1787638942.280218818 step=0
1787638947.336428826 step=50
1787638952.380646085 step=100
1787638957.442484214 step=150
1787638962.450353279 step=200
1787638967.447292486 step=250
1787638972.476513683 step=300
1787638977.477923859 step=350
1787638982.399706230 step=400
1787638987.402201362 step=450
1787638989.592570194 epoch=7
1787638989.619906798 step=0
1787638994.562061946 step=50
1787638999.485823807 step=100
1787639004.494903032 step=150
1787639009.502133074 step=200
1787639014.519042234 step=250
1787639019.580025598 step=300
1787639024.514048899 step=350
1787639029.473048161 step=400
1787639034.395921329 step=450
1787639036.584839651 epoch=8
1787639036.608862282 step=0
1787639041.578903961 step=50
1787639046.578064139 step=100
1787639051.549191430 step=150
1787639056.480013996 step=200
1787639061.447065312 step=250
1787639066.377905859 step=300
1787639071.385131951 step=350
1787639076.307066028 step=400
1787639081.230872136 step=450
1787639083.402044899 epoch=9
1787639083.418790227 step=0
1787639088.420640260 step=50
1787639093.425314636 step=100
1787639098.423687762 step=150
1787639103.414675808 step=200
1787639108.386493746 step=250
1787639113.380025511 step=300
1787639118.377298672 step=350
1787639123.625627360 step=400
1787639128.742847399 step=450
1787639131.001401899 Sampling...
1787639131.006304853 device=device(type='cuda')
1787639131.010918433 Sampling with ddim_skip (method ignored)
1787639131.019011548 Saving 10 samples to PosixPath('outputs/epoch_10.png') in a 3x4 grid...
1787639131.769734058 epoch=10
1787639131.792292925 step=0
1787639136.821053884 step=50
1787639141.826372112 step=100
1787639146.800040764 step=150
1787639151.781063083 step=200
1787639156.900795955 step=250
1787639161.915333891 step=300
1787639166.942813872 step=350
1787639171.923401078 step=400
1787639176.939852570 step=450
1787639179.250992467 epoch=11
1787639179.300548671 step=0
1787639184.365778629 step=50
1787639189.345479709 step=100
1787639194.425417418 step=150
1787639199.403285777 step=200
1787639204.403314125 step=250
1787639209.401806130 step=300
1787639214.408311173 step=350
1787639219.445368139 step=400
1787639224.530211859 step=450
1787639226.851505604 epoch=12
1787639226.894058293 step=0
1787639231.886982766 step=50
1787639236.880900468 step=100
1787639241.983309625 step=150
1787639246.983309971 step=200
1787639251.952897533 step=250
1787639256.878093717 step=300
1787639261.796910447 step=350
1787639266.787059085 step=400
1787639271.890104173 step=450
1787639274.029633760 epoch=13
1787639274.054094372 step=0
1787639279.130424495 step=50
1787639284.097467430 step=100
1787639289.143420781 step=150
1787639294.282477622 step=200
1787639299.320798809 step=250
1787639304.329388036 step=300
1787639309.286470610 step=350
1787639314.222451160 step=400
1787639319.196536142 step=450
1787639321.379556854 epoch=14
1787639321.398805666 step=0
1787639326.357430579 step=50
1787639331.288444664 step=100
1787639336.270360846 step=150
1787639341.196408610 step=200
1787639346.185451463 step=250
1787639351.086025679 step=300
1787639355.983012270 step=350
1787639360.884975977 step=400
1787639365.782101117 step=450
1787639367.940427092 Sampling...
1787639367.945087550 device=device(type='cuda')
1787639367.949965127 Sampling with ddim_skip (method ignored)
1787639367.958981326 Saving 10 samples to PosixPath('outputs/epoch_15.png') in a 3x4 grid...
1787639368.394292684 epoch=15
1787639368.411347211 step=0
1787639373.389439659 step=50
1787639378.387441564 step=100
1787639383.345066193 step=150
1787639388.292504407 step=200
1787639393.289552014 step=250
1787639398.289477463 step=300
1787639403.288561732 step=350
1787639408.210469019 step=400
1787639413.136459367 step=450
1787639415.346929690 epoch=16
1787639415.369331045 step=0
1787639420.287473089 step=50
1787639425.249491110 step=100
1787639430.250342961 step=150
1787639435.251285383 step=200
1787639440.021796466 step=250
1787639444.921056480 step=300
1787639449.811069519 step=350
1787639454.631543634 step=400
1787639459.383828621 step=450
1787639461.505201500 epoch=17
1787639461.522828440 step=0
1787639466.387030645 step=50
1787639471.390486199 step=100
1787639476.389431182 step=150
1787639481.391199950 step=200
1787639486.348009391 step=250
1787639491.290481189 step=300
1787639496.248214247 step=350
1787639501.163014951 step=400
1787639506.099470927 step=450
1787639508.303887189 epoch=18
1787639508.326868778 step=0
1787639513.294476748 step=50
1787639518.332426718 step=100
1787639523.225951609 step=150
1787639527.991388370 step=200
1787639532.715043072 step=250
1787639537.463058803 step=300
1787639542.387976323 step=350
1787639547.329462205 step=400
1787639552.292372017 step=450
1787639554.299706790 epoch=19
1787639554.313918082 step=0
1787639559.181088360 step=50
1787639564.113482816 step=100
1787639569.092413683 step=150
1787639574.030486075 step=200
1787639578.985403352 step=250
1787639583.912430353 step=300
1787639588.598060720 step=350
1787639593.246030655 step=400
1787639597.898022173 step=450
1787639599.840703938 Sampling...
1787639599.844655643 device=device(type='cuda')
1787639599.848568979 Sampling with ddim_skip (method ignored)
1787639599.857305515 Saving 10 samples to PosixPath('outputs/epoch_20.png') in a 3x4 grid...
1787639600.098994809 epoch=20
1787639600.108525359 step=0
1787639604.756023445 step=50
1787639609.418036638 step=100
1787639614.081011441 step=150
1787639618.725009448 step=200
1787639623.374047115 step=250
1787639628.026070006 step=300
1787639632.692002773 step=350
1787639637.364376019 step=400
1787639642.137777251 step=450
1787639644.130578712 epoch=21
1787639644.148913615 step=0
1787639648.803017011 step=50
1787639653.668182948 step=100
1787639658.596028717 step=150
1787639663.514538205 step=200
1787639668.493416553 step=250
1787639673.453462816 step=300
1787639678.393472122 step=350
1787639683.119021625 step=400
1787639687.811997990 step=450
1787639689.944492362 epoch=22
1787639689.962984260 step=0
1787639694.888293455 step=50
1787639699.856411703 step=100
1787639704.894511277 step=150
1787639709.830027232 step=200
1787639714.749451824 step=250
1787639719.693455702 step=300
1787639724.694281212 step=350
1787639729.693394536 step=400
1787639734.655497689 step=450
1787639736.854845708 epoch=23
1787639736.880246905 step=0
1787639741.795457079 step=50
1787639746.732426942 step=100
1787639751.694444992 step=150
1787639756.694068590 step=200
1787639761.633438285 step=250
1787639766.595613293 step=300
1787639771.530398686 step=350
1787639776.464442782 step=400
1787639781.394434755 step=450
1787639783.563705882 epoch=24
1787639783.586338959 step=0
1787639788.500265219 step=50
1787639793.515736161 step=100
1787639798.416031678 step=150
1787639803.315429177 step=200
1787639808.234051355 step=250
1787639813.149814003 step=300
1787639818.092245371 step=350
1787639823.010413700 step=400
1787639827.956375197 step=450
1787639830.142022465 Sampling...
1787639830.146506227 device=device(type='cuda')
1787639830.151157179 Sampling with ddim_skip (method ignored)
1787639830.162038437 Saving 10 samples to PosixPath('outputs/epoch_25.png') in a 3x4 grid...
1787639830.851417018 epoch=25
1787639830.888560233 step=0
1787639835.831427826 step=50
1787639840.838391181 step=100
1787639845.837340364 step=150
1787639850.794025603 step=200
1787639855.804469333 step=250
1787639860.791052954 step=300
1787639865.777453984 step=350
1787639870.718511052 step=400
1787639875.696447319 step=450
1787639877.888176144 epoch=26
1787639877.913364996 step=0
1787639882.897412803 step=50
1787639887.918522235 step=100
1787639892.920303341 step=150
1787639897.909509437 step=200
1787639902.898421050 step=250
1787639907.820444102 step=300
1787639912.796486163 step=350
1787639917.797137385 step=400
1787639922.777454693 step=450
1787639924.940143848 epoch=27
1787639924.965365770 step=0
1787639929.899498974 step=50
1787639934.837459790 step=100
1787639939.758507254 step=150
1787639944.695667238 step=200
1787639949.660369031 step=250
1787639954.597422209 step=300
1787639959.518431434 step=350
1787639964.448399730 step=400
1787639969.399441519 step=450
1787639971.581529382 epoch=28
1787639971.600385837 step=0
1787639976.664025463 step=50
1787639981.553249337 step=100
1787639986.500376991 step=150
1787639991.459466662 step=200
1787639996.399420461 step=250
1787640001.319456579 step=300
1787640006.300407422 step=350
1787640011.300416406 step=400
1787640016.304102265 step=450
1787640018.530743600 epoch=29
1787640018.558175768 step=0
1787640023.467480317 step=50
1787640028.399431306 step=100
1787640033.315426146 step=150
1787640038.234449596 step=200
1787640043.156428748 step=250
1787640048.065100263 step=300
1787640052.999375542 step=350
1787640058.001462683 step=400
1787640062.999451846 step=450
1787640065.174567837 Sampling...
1787640065.179154697 device=device(type='cuda')
1787640065.183467072 Sampling with ddim_skip (method ignored)
1787640065.193846123 Saving 10 samples to PosixPath('outputs/epoch_30.png') in a 3x4 grid...
1787640065.626736076 epoch=30
1787640065.643642170 step=0
1787640070.601438163 step=50
1787640075.601443054 step=100
1787640080.607159617 step=150
1787640085.642648427 step=200
1787640090.596358936 step=250
1787640095.539130383 step=300
1787640100.463495120 step=350
1787640105.400391431 step=400
1787640110.322488568 step=450
1787640112.541043431 epoch=31
1787640112.563445668 step=0
1787640117.519434838 step=50
1787640122.448509631 step=100
1787640127.362466401 step=150
1787640132.275416233 step=200
1787640137.198504947 step=250
1787640142.104530086 step=300
1787640147.039198335 step=350
1787640151.999422011 step=400
1787640156.957454471 step=450
1787640159.426035412 epoch=32
1787640159.454378444 step=0
1787640164.396404662 step=50
1787640169.320405087 step=100
1787640174.263432306 step=150
1787640179.201411886 step=200
1787640184.142448746 step=250
1787640189.102450391 step=300
1787640194.043439943 step=350
1787640199.002443697 step=400
1787640203.960336797 step=450
1787640206.134285614 epoch=33
1787640206.159349595 step=0
1787640211.103461628 step=50
1787640216.080476066 step=100
1787640221.033489225 step=150
1787640226.002422349 step=200
1787640230.942183090 step=250
1787640235.949515865 step=300
1787640240.923587119 step=350
1787640245.921355228 step=400
1787640250.905438798 step=450
1787640253.123410168 epoch=34
1787640253.148301016 step=0
1787640258.103522866 step=50
1787640263.037345971 step=100
1787640267.965523021 step=150
1787640272.904354820 step=200
1787640277.864461546 step=250
1787640282.801941059 step=300
1787640287.744402087 step=350
1787640292.704411033 step=400
1787640297.626463836 step=450
1787640299.830025597 Sampling...
1787640299.834836120 device=device(type='cuda')
1787640299.839303163 Sampling with ddim_skip (method ignored)
1787640299.848070771 Saving 10 samples to PosixPath('outputs/epoch_35.png') in a 3x4 grid...
1787640300.287393644 epoch=35
1787640300.303181159 step=0
1787640305.266429856 step=50
1787640310.197454141 step=100
1787640315.107489579 step=150
1787640320.105443045 step=200
1787640325.058369633 step=250
1787640329.986211882 step=300
1787640334.925484268 step=350
1787640339.893437644 step=400
1787640344.824442656 step=450
1787640346.844081713 epoch=36
1787640346.859916800 step=0
1787640351.488999903 step=50
1787640356.212300326 step=100
1787640361.206464917 step=150
1787640366.146405119 step=200
1787640371.067448630 step=250
1787640375.878060720 step=300
1787640380.539027728 step=350
1787640385.183047549 step=400
1787640389.819025605 step=450
1787640391.752642980 epoch=37
1787640391.786575061 step=0
1787640396.703009173 step=50
1787640401.666409053 step=100
1787640406.667496299 step=150
1787640411.669508171 step=200
1787640416.679680606 step=250
1787640421.797700822 step=300
1787640426.868468280 step=350
1787640431.912413734 step=400
1787640436.907504417 step=450
1787640439.131849492 epoch=38
1787640439.185627244 step=0
1787640444.127433681 step=50
1787640449.076465572 step=100
1787640454.007462409 step=150
1787640458.967480491 step=200
1787640463.908392503 step=250
1787640468.872400704 step=300
1787640473.805415991 step=350
1787640478.724395745 step=400
1787640483.669408484 step=450
1787640485.846531007 epoch=39
1787640485.870377026 step=0
1787640490.806510564 step=50
1787640495.714444378 step=100
1787640500.646448107 step=150
1787640505.585450101 step=200
1787640510.506415610 step=250
1787640515.418692722 step=300
1787640520.402430163 step=350
1787640525.310416240 step=400
1787640530.381339174 step=450
1787640532.502388349 Sampling...
1787640532.506298697 device=device(type='cuda')
1787640532.510087866 Sampling with ddim_skip (method ignored)
1787640532.519308823 Saving 10 samples to PosixPath('outputs/epoch_40.png') in a 3x4 grid...
1787640533.188968328 epoch=40
1787640533.209856008 step=0
1787640538.096567676 step=50
1787640543.206903355 step=100
1787640548.111961658 step=150
1787640552.896867259 step=200
1787640557.558985020 step=250
1787640562.198021824 step=300
1787640566.834044916 step=350
1787640571.674310543 step=400
1787640576.689616226 step=450
1787640578.928133454 epoch=41
1787640578.958208273 step=0
1787640583.921358661 step=50
1787640588.908444970 step=100
1787640593.833438927 step=150
1787640598.789455298 step=200
1787640603.730295369 step=250
1787640608.710272854 step=300
1787640613.668393803 step=350
1787640618.611530989 step=400
1787640623.612419271 step=450
1787640625.797968367 epoch=42
1787640625.857858958 step=0
1787640630.815397613 step=50
1787640635.811423652 step=100
1787640640.810967959 step=150
1787640645.781662233 step=200
1787640650.739454658 step=250
1787640655.713493398 step=300
1787640660.708401107 step=350
1787640665.720412430 step=400
1787640670.727426454 step=450
1787640672.920375521 epoch=43
1787640672.945741363 step=0
1787640677.933636154 step=50
1787640682.952420893 step=100
1787640687.933435824 step=150
1787640692.912437924 step=200
1787640697.913369034 step=250
1787640702.913476158 step=300
1787640707.908394260 step=350
1787640712.912404814 step=400
1787640717.908346399 step=450
1787640720.111399979 epoch=44
1787640720.132707415 step=0
1787640725.116958534 step=50
1787640730.112415825 step=100
1787640735.051350839 step=150
1787640740.015581758 step=200
1787640744.911939979 step=250
1787640749.809625654 step=300
1787640754.752277848 step=350
1787640759.703994383 step=400
1787640764.670584565 step=450
1787640766.870713680 Sampling...
1787640766.875674750 device=device(type='cuda')
1787640766.880297213 Sampling with ddim_skip (method ignored)
1787640766.892704658 Saving 10 samples to PosixPath('outputs/epoch_45.png') in a 3x4 grid...
1787640767.371327338 epoch=45
1787640767.401992163 step=0
1787640772.410534076 step=50
1787640777.417421395 step=100
1787640782.429423381 step=150
1787640787.410559904 step=200
1787640792.413377896 step=250
1787640797.392426168 step=300
1787640802.414459446 step=350
1787640807.409498292 step=400
1787640812.367403086 step=450
1787640814.612041187 epoch=46
1787640814.640097500 step=0
1787640819.583472938 step=50
1787640824.509312991 step=100
1787640829.471353976 step=150
1787640834.410376856 step=200
1787640839.424399238 step=250
1787640844.409845635 step=300
1787640849.411151871 step=350
1787640854.385485415 step=400
1787640859.341473996 step=450
1787640861.824402521 epoch=47
1787640861.845241486 step=0
1787640866.825456049 step=50
1787640871.791323575 step=100
1787640876.756434791 step=150
1787640881.711455300 step=200
1787640886.762386827 step=250
1787640891.836031879 step=300
1787640896.862070155 step=350
1787640901.890442613 step=400
1787640906.829423354 step=450
1787640909.046346353 epoch=48
1787640909.080361259 step=0
1787640914.113653525 step=50
1787640919.199422613 step=100
1787640924.426555717 step=150
1787640929.582363747 step=200
1787640934.706489269 step=250
1787640939.913456756 step=300
1787640945.093477940 step=350
1787640950.352449258 step=400
1787640955.756640402 step=450
1787640958.179582765 epoch=49
1787640958.220521564 step=0
1787640963.483525883 step=50
1787640968.674551427 step=100
1787640973.911664401 step=150
1787640979.122995178 step=200
1787640984.296765880 step=250
1787640989.706192282 step=300
1787640995.012306853 step=350
1787641000.048526320 step=400
1787641005.017432810 step=450
1787641007.272218869 Sampling...
1787641007.277163100 device=device(type='cuda')
1787641007.281516204 Sampling with ddim_skip (method ignored)
1787641007.290037015 Saving 10 samples to PosixPath('outputs/epoch_50.png') in a 3x4 grid...
1787641007.723598542 epoch=50
1787641007.774599918 step=0
1787641012.717732510 step=50
1787641017.675155853 step=100
1787641022.615326933 step=150
1787641027.553428399 step=200
1787641032.518446533 step=250
1787641037.493455861 step=300
1787641042.413372914 step=350
1787641047.404295420 step=400
1787641052.315610681 step=450
1787641054.540924604 epoch=51
1787641054.563366621 step=0
1787641059.514190360 step=50
1787641064.282036488 step=100
1787641068.930031507 step=150
1787641073.597381099 step=200
1787641078.259074898 step=250
1787641082.941878934 step=300
1787641088.023823589 step=350
1787641093.025697488 step=400
1787641098.035719686 step=450
1787641100.228800716 epoch=52
1787641100.265333732 step=0
1787641105.213139101 step=50
1787641110.152623085 step=100
1787641115.119892117 step=150
1787641120.116420308 step=200
1787641125.128737449 step=250
1787641130.016041670 step=300
1787641134.944548170 step=350
1787641139.604521958 step=400
1787641144.267011995 step=450
1787641146.186098778 epoch=53
1787641146.201326054 step=0
1787641150.905076984 step=50
1787641155.558862288 step=100
1787641160.217521300 step=150
1787641164.869591086 step=200
1787641169.520105976 step=250
1787641174.161000892 step=300
1787641178.813349609 step=350
1787641183.470010067 step=400
1787641188.140409072 step=450
1787641190.071485116 epoch=54
1787641190.090086402 step=0
1787641194.737023255 step=50
1787641199.394017217 step=100
1787641204.056835531 step=150
1787641208.699939949 step=200
1787641213.346973290 step=250
1787641217.996997276 step=300
1787641222.697456722 step=350
1787641227.581221848 step=400
1787641232.519366237 step=450
1787641234.688245167 Sampling...
1787641234.692860727 device=device(type='cuda')
1787641234.697502915 Sampling with ddim_skip (method ignored)
1787641234.705503382 Saving 10 samples to PosixPath('outputs/epoch_55.png') in a 3x4 grid...
1787641235.374243614 epoch=55
1787641235.394365272 step=0
1787641240.325425722 step=50
1787641245.313365689 step=100
1787641250.189011148 step=150
1787641254.850038046 step=200
1787641259.501684649 step=250
1787641264.142895185 step=300
1787641268.811024056 step=350
1787641273.454040503 step=400
1787641278.104940940 step=450
1787641280.008053144 epoch=56
1787641280.028215212 step=0
1787641285.146041711 step=50
1787641290.123234592 step=100
1787641294.810944972 step=150
1787641299.465996870 step=200
1787641304.133012108 step=250
1787641308.840045319 step=300
1787641313.487037465 step=350
1787641318.222904816 step=400
1787641323.220627152 step=450
1787641325.361281669 epoch=57
1787641325.379920352 step=0
1787641330.121553667 step=50
1787641334.769521449 step=100
1787641339.427391749 step=150
1787641344.175367689 step=200
1787641348.843285610 step=250
1787641353.811555367 step=300
1787641358.860660053 step=350
1787641363.822571219 step=400
1787641368.938893460 step=450
1787641371.157824262 epoch=58
1787641371.178670395 step=0
1787641376.180674846 step=50
1787641381.171734214 step=100
1787641386.188422593 step=150
1787641391.225432741 step=200
1787641396.229188955 step=250
1787641401.142271290 step=300
1787641406.116024424 step=350
1787641410.944919948 step=400
1787641415.657777481 step=450
1787641417.843715525 epoch=59
1787641417.867855564 step=0
1787641422.821682781 step=50
1787641427.868462788 step=100
1787641432.941410470 step=150
1787641437.948716702 step=200
1787641442.922728628 step=250
1787641447.928735161 step=300
1787641452.940769507 step=350
1787641457.923735085 step=400
1787641462.960400680 step=450
1787641465.193244708 Sampling...
1787641465.198029482 device=device(type='cuda')
1787641465.202614420 Sampling with ddim_skip (method ignored)
1787641465.212473791 Saving 10 samples to PosixPath('outputs/epoch_60.png') in a 3x4 grid...
1787641465.646241118 epoch=60
1787641465.659668292 step=0
1787641470.551610453 step=50
1787641475.440162253 step=100
1787641480.203079130 step=150
1787641484.847392541 step=200
1787641489.509594510 step=250
1787641494.152556586 step=300
1787641498.793557787 step=350
1787641503.439414384 step=400
1787641508.097454691 step=450
1787641510.021967050 epoch=61
1787641510.040235652 step=0
1787641514.883452102 step=50
1787641519.770578985 step=100
1787641524.458576814 step=150
1787641529.103613571 step=200
1787641533.917580251 step=250
1787641538.819579263 step=300
1787641543.622017208 step=350
1787641548.277548904 step=400
1787641552.948080266 step=450
1787641555.014992461 epoch=62
1787641555.030922573 step=0
1787641559.663528968 step=50
1787641564.303559221 step=100
1787641569.160835326 step=150
1787641573.992357931 step=200
1787641578.680451323 step=250
1787641583.325021185 step=300
1787641587.974589517 step=350
1787641592.633567368 step=400
1787641597.279537718 step=450
1787641599.206021278 epoch=63
1787641599.219435608 step=0
1787641604.131034768 step=50
1787641608.958542990 step=100
1787641613.614133606 step=150
1787641618.279541622 step=200
1787641622.933544463 step=250
1787641627.620603443 step=300
1787641632.294032699 step=350
1787641636.949362875 step=400
1787641641.626425187 step=450
1787641643.557326173 epoch=64
1787641643.573092424 step=0
1787641648.329513924 step=50
1787641653.058537478 step=100
1787641657.733847103 step=150
1787641662.388031267 step=200
1787641667.058562070 step=250
1787641671.732392223 step=300
1787641676.618561228 step=350
1787641681.508098135 step=400
1787641686.271578120 step=450
1787641688.394992087 Sampling...
1787641688.399429050 device=device(type='cuda')
1787641688.403330881 Sampling with ddim_skip (method ignored)
1787641688.412400316 Saving 10 samples to PosixPath('outputs/epoch_65.png') in a 3x4 grid...
1787641688.830012945 epoch=65
1787641688.845558713 step=0
1787641693.824556478 step=50
1787641698.539563457 step=100
1787641703.182579732 step=150
1787641707.847434109 step=200
1787641712.522430080 step=250
1787641717.179947920 step=300
1787641721.840914517 step=350
1787641726.483409631 step=400
1787641731.166232118 step=450
1787641733.366428518 epoch=66
1787641733.387315120 step=0
1787641738.528430240 step=50
1787641743.532415835 step=100
1787641748.532353658 step=150
1787641753.531595898 step=200
1787641758.445021462 step=250
1787641763.084995245 step=300
1787641767.727018958 step=350
1787641772.390950680 step=400
1787641777.035047962 step=450
1787641779.108305218 epoch=67
1787641779.130041660 step=0
1787641784.106464044 step=50
1787641789.025288603 step=100
1787641793.655005085 step=150
1787641798.292031124 step=200
1787641802.990316231 step=250
1787641807.679009239 step=300
1787641812.330042149 step=350
1787641816.972023442 step=400
1787641821.616026397 step=450
1787641823.549305194 epoch=68
1787641823.564890865 step=0
1787641828.204036978 step=50
1787641832.845281840 step=100
1787641837.518054390 step=150
1787641842.158006474 step=200
1787641846.802024914 step=250
1787641851.504472111 step=300
1787641856.263377117 step=350
1787641861.021768131 step=400
1787641865.777875495 step=450
1787641867.747633824 epoch=69
1787641867.762936672 step=0
1787641872.412003492 step=50
1787641877.128260546 step=100
1787641882.057391635 step=150
1787641887.033421176 step=200
1787641891.920058849 step=250
1787641896.567027924 step=300
1787641901.392385224 step=350
1787641906.334411144 step=400
1787641911.259017811 step=450
1787641913.323355558 Sampling...
1787641913.327428059 device=device(type='cuda')
1787641913.331350683 Sampling with ddim_skip (method ignored)
1787641913.340101330 Saving 10 samples to PosixPath('outputs/epoch_70.png') in a 3x4 grid...
1787641913.564844575 epoch=70
1787641913.576887067 step=0
1787641918.202991315 step=50
1787641922.839023942 step=100
1787641927.475966894 step=150
1787641932.158955447 step=200
1787641936.794050682 step=250
1787641941.437033996 step=300
1787641946.291542300 step=350
1787641951.233398114 step=400
1787641956.060014617 step=450
1787641957.980081285 epoch=71
1787641957.998931736 step=0
1787641962.732026136 step=50
1787641967.644359913 step=100
1787641972.573422093 step=150
1787641977.356035673 step=200
1787641981.996028613 step=250
1787641986.634008099 step=300
1787641991.274004764 step=350
1787641995.927925117 step=400
1787642000.568981832 step=450
1787642002.537748895 epoch=72
1787642002.552882836 step=0
1787642007.188012496 step=50
1787642011.831031217 step=100
1787642016.478040924 step=150
1787642021.116005404 step=200
1787642025.755017504 step=250
1787642030.556345543 step=300
1787642035.535445029 step=350
1787642040.390056046 step=400
1787642045.036003158 step=450
1787642047.002755833 epoch=73
1787642047.018901101 step=0
1787642051.660034834 step=50
1787642056.308809912 step=100
1787642060.998726761 step=150
1787642065.986420370 step=200
1787642070.936423830 step=250
1787642075.609435567 step=300
1787642080.261497145 step=350
1787642084.907022141 step=400
1787642089.556050271 step=450
1787642091.548980977 epoch=74
1787642091.567833173 step=0
1787642096.208011664 step=50
1787642100.858037470 step=100
1787642105.502041794 step=150
1787642110.143006366 step=200
1787642114.792977690 step=250
1787642119.441006730 step=300
1787642124.091893792 step=350
1787642128.744031317 step=400
1787642133.386005235 step=450
1787642135.352183870 Sampling...
1787642135.356693196 device=device(type='cuda')
1787642135.360582395 Sampling with ddim_skip (method ignored)
1787642135.368300562 Saving 10 samples to PosixPath('outputs/epoch_75.png') in a 3x4 grid...
1787642135.706009767 epoch=75
1787642135.718561227 step=0
1787642140.355001494 step=50
1787642144.992056026 step=100
1787642149.643026585 step=150
1787642154.286001250 step=200
1787642158.983973765 step=250
1787642163.838472238 step=300
1787642168.801444259 step=350
1787642173.592027279 step=400
1787642178.236031207 step=450
1787642180.188059857 epoch=76
1787642180.203563204 step=0
1787642184.841031773 step=50
1787642189.508317374 step=100
1787642194.261349788 step=150
1787642199.024684208 step=200
1787642203.946462550 step=250
1787642208.742995710 step=300
1787642213.490483190 step=350
1787642218.152024185 step=400
1787642222.839015398 step=450
1787642224.771848001 epoch=77
1787642224.787970767 step=0
1787642229.458026901 step=50
1787642234.158002053 step=100
1787642238.818048980 step=150
1787642243.472989662 step=200
1787642248.127027467 step=250
1787642252.780797313 step=300
1787642257.496028012 step=350
1787642262.196455708 step=400
1787642267.052531199 step=450
1787642269.182984268 epoch=78
1787642269.204892187 step=0
1787642274.164563253 step=50
1787642278.932994381 step=100
1787642283.583998509 step=150
1787642288.232027586 step=200
1787642292.903981908 step=250
1787642297.939976011 step=300
1787642302.942332326 step=350
1787642308.002560703 step=400
1787642313.069502351 step=450
1787642315.325430409 epoch=79
1787642315.351417417 step=0
1787642320.341387369 step=50
1787642325.342405678 step=100
1787642330.348481282 step=150
1787642335.346888152 step=200
1787642340.339583875 step=250
1787642345.316345839 step=300
1787642350.241064535 step=350
1787642355.241491486 step=400
1787642360.020984098 step=450
1787642361.956223871 Sampling...
1787642361.960413759 device=device(type='cuda')
1787642361.964298554 Sampling with ddim_skip (method ignored)
1787642361.974278632 Saving 10 samples to PosixPath('outputs/epoch_80.png') in a 3x4 grid...
1787642362.198875715 epoch=80
1787642362.207827851 step=0
1787642366.860082275 step=50
1787642371.842402695 step=100
1787642376.843455947 step=150
1787642381.564022055 step=200
1787642386.228018478 step=250
1787642390.874025145 step=300
1787642395.512998744 step=350
1787642400.155001638 step=400
1787642404.802002396 step=450
1787642406.754877269 epoch=81
1787642406.768855299 step=0
1787642411.406022880 step=50
1787642416.104534940 step=100
1787642421.145651373 step=150
1787642426.203438895 step=200
1787642431.443421555 step=250
1787642436.454319944 step=300
1787642441.378151206 step=350
1787642446.294167518 step=400
1787642451.201713656 step=450
1787642453.349545519 epoch=82
1787642453.373871289 step=0
1787642458.244991750 step=50
1787642462.884021585 step=100
1787642467.598593402 step=150
1787642472.290042945 step=200
1787642477.007073270 step=250
1787642481.706007428 step=300
1787642486.354991547 step=350
1787642490.998598497 step=400
1787642495.626952028 step=450
1787642497.695037644 epoch=83
1787642497.710921557 step=0
1787642502.342018331 step=50
1787642507.154358022 step=100
1787642512.152854667 step=150
1787642517.172309897 step=200
1787642522.144403480 step=250
1787642527.144387968 step=300
1787642531.988999818 step=350
1787642536.636030801 step=400
1787642541.278013849 step=450
1787642543.233447502 epoch=84
1787642543.248875411 step=0
1787642547.893020727 step=50
1787642552.543009382 step=100
1787642557.191162502 step=150
1787642561.838030974 step=200
1787642566.485958969 step=250
1787642571.136031870 step=300
1787642575.785950353 step=350
1787642580.746388379 step=400
1787642585.744296494 step=450
1787642588.007389365 Sampling...
1787642588.012176927 device=device(type='cuda')
1787642588.016771176 Sampling with ddim_skip (method ignored)
1787642588.024699204 Saving 10 samples to PosixPath('outputs/epoch_85.png') in a 3x4 grid...
1787642588.481158342 epoch=85
1787642588.495031931 step=0
1787642593.447459260 step=50
1787642598.406583229 step=100
1787642603.196979428 step=150
1787642607.850051602 step=200
1787642612.491991243 step=250
1787642617.142952203 step=300
1787642621.769028611 step=350
1787642626.395079272 step=400
1787642631.268394974 step=450
1787642633.515754293 epoch=86
1787642633.537306823 step=0
1787642638.460725420 step=50
1787642643.267004923 step=100
1787642648.147458575 step=150
1787642653.068377662 step=200
1787642658.002392991 step=250
1787642662.903004043 step=300
1787642667.532031582 step=350
1787642672.156498449 step=400
1787642676.965452081 step=450
1787642679.208448266 epoch=87
1787642679.227779341 step=0
1787642684.157437096 step=50
1787642689.140396243 step=100
1787642694.069447537 step=150
1787642699.045978376 step=200
1787642703.964604964 step=250
1787642708.815133647 step=300
1787642713.547725456 step=350
1787642718.281729667 step=400
1787642723.019340479 step=450
1787642725.002032749 epoch=88
1787642725.019868605 step=0
1787642729.684138887 step=50
1787642734.648378094 step=100
1787642739.587078515 step=150
1787642744.604379084 step=200
1787642749.518532941 step=250
1787642754.440382106 step=300
1787642759.358419164 step=350
1787642764.344424283 step=400
1787642769.299487005 step=450
1787642771.571439539 epoch=89
1787642771.599425011 step=0
1787642776.588407656 step=50
1787642781.564079907 step=100
1787642786.549470755 step=150
1787642791.480411769 step=200
1787642796.408508407 step=250
1787642801.330416701 step=300
1787642806.117024342 step=350
1787642810.752045220 step=400
1787642815.368995565 step=450
1787642817.311634923 Sampling...
1787642817.315879924 device=device(type='cuda')
1787642817.319893646 Sampling with ddim_skip (method ignored)
1787642817.329636305 Saving 10 samples to PosixPath('outputs/epoch_90.png') in a 3x4 grid...
1787642817.663999909 epoch=90
1787642817.672953982 step=0
1787642822.283027860 step=50
1787642826.905041308 step=100
1787642831.520990996 step=150
1787642836.225516668 step=200
1787642841.164010034 step=250
1787642845.903017482 step=300
1787642850.542040469 step=350
1787642855.196998742 step=400
1787642859.840906430 step=450
1787642861.745283395 epoch=91
1787642861.760645391 step=0
1787642866.402982038 step=50
1787642871.072940201 step=100
1787642875.882006695 step=150
1787642880.852907716 step=200
1787642885.490999615 step=250
1787642890.122037772 step=300
1787642894.755901031 step=350
1787642899.386934413 step=400
1787642904.061949316 step=450
1787642906.118861558 epoch=92
1787642906.163379424 step=0
1787642910.832891740 step=50
1787642915.455910842 step=100
1787642920.080427892 step=150
1787642924.741980941 step=200
1787642929.460982616 step=250
1787642934.141995999 step=300
1787642938.854002540 step=350
1787642943.756899448 step=400
1787642948.563430289 step=450
1787642950.520889324 epoch=93
1787642950.539875353 step=0
1787642955.273955856 step=50
1787642959.944903148 step=100
1787642964.637952853 step=150
1787642969.317005314 step=200
1787642974.183619340 step=250
1787642979.068987498 step=300
1787642983.751893605 step=350
1787642988.404904328 step=400
1787642993.065960163 step=450
1787642994.994265149 epoch=94
1787642995.007314731 step=0
1787642999.685952181 step=50
1787643004.364874093 step=100
1787643009.034887856 step=150
1787643013.683880856 step=200
1787643018.520942516 step=250
1787643023.401492947 step=300
1787643028.351957255 step=350
1787643033.217765085 step=400
1787643037.839952679 step=450
1787643039.739741242 Sampling...
1787643039.743693326 device=device(type='cuda')
1787643039.747787690 Sampling with ddim_skip (method ignored)
1787643039.757000023 Saving 10 samples to PosixPath('outputs/epoch_95.png') in a 3x4 grid...
1787643039.988078676 epoch=95
1787643040.000620877 step=0
1787643044.718453825 step=50
1787643049.510034150 step=100
1787643054.257549216 step=150
1787643058.991724427 step=200
1787643063.788933841 step=250
1787643068.486955091 step=300
1787643073.374930731 step=350
1787643078.468932835 step=400
1787643083.455021177 step=450
1787643085.643982145 epoch=96
1787643085.675088749 step=0
1787643090.880962199 step=50
1787643095.941762478 step=100
1787643100.972231911 step=150
1787643105.841359830 step=200
1787643111.005750370 step=250
1787643115.919864723 step=300
1787643120.998868373 step=350
1787643126.174090471 step=400
1787643131.356048466 step=450
1787643133.536433509 epoch=97
1787643133.568871625 step=0
1787643138.777994026 step=50
1787643143.765018090 step=100
1787643148.650990775 step=150
1787643153.452993689 step=200
1787643158.067948231 step=250
1787643162.698031437 step=300
1787643167.316428970 step=350
1787643171.954392150 step=400
1787643176.577017229 step=450
1787643178.633926093 epoch=98
1787643178.655241506 step=0
1787643183.389506640 step=50
1787643188.125831703 step=100
1787643192.864474380 step=150
1787643197.528978879 step=200
1787643202.159999672 step=250
1787643206.795028101 step=300
1787643211.426129759 step=350
1787643216.049608499 step=400
1787643220.694212246 step=450
1787643222.653979694 epoch=99
1787643222.672565717 step=0
1787643227.381968225 step=50
1787643232.010068642 step=100
1787643236.652001839 step=150
1787643241.295253084 step=200
1787643245.944677876 step=250
1787643250.640571425 step=300
1787643255.523172723 step=350
1787643260.210246269 step=400
1787643264.846070819 step=450
1787643266.790636824 Sampling...
1787643266.794622946 device=device(type='cuda')
1787643266.798699492 Sampling with ddim_skip (method ignored)
1787643266.807334708 Saving 10 samples to PosixPath('outputs/epoch_100.png') in a 3x4 grid...
