device='cuda'
epoch=0
step=0, loss=1.022031307220459
step=25, loss=0.9740592241287231
step=50, loss=0.7388455867767334
step=75, loss=0.6082695722579956
step=100, loss=0.46546274423599243
step=125, loss=0.4284873604774475
step=150, loss=0.36877888441085815
step=175, loss=0.3750690519809723
step=200, loss=0.30453991889953613
step=225, loss=0.27682381868362427
step=250, loss=0.27365654706954956
step=275, loss=0.26266226172447205
step=300, loss=0.22945532202720642
step=325, loss=0.23177006840705872
step=350, loss=0.1946495622396469
step=375, loss=0.23169535398483276
epoch=0, train_loss=0.42132471, validation_loss=0.23991354
epoch=1
step=0, loss=0.22475898265838623
step=25, loss=0.23893821239471436
step=50, loss=0.19372189044952393
step=75, loss=0.19654132425785065
step=100, loss=0.16943539679050446
step=125, loss=0.16549590229988098
step=150, loss=0.1669536828994751
step=175, loss=0.16676342487335205
step=200, loss=0.20054209232330322
step=225, loss=0.16956886649131775
step=250, loss=0.14713963866233826
step=275, loss=0.11378699541091919
step=300, loss=0.139862522482872
step=325, loss=0.12887942790985107
step=350, loss=0.12449077516794205
step=375, loss=0.12614303827285767
epoch=1, train_loss=0.17603315, validation_loss=0.14491383
epoch=2
step=0, loss=0.18121322989463806
step=25, loss=0.14783084392547607
step=50, loss=0.1429668664932251
step=75, loss=0.16384893655776978
step=100, loss=0.10742289572954178
step=125, loss=0.12164772301912308
step=150, loss=0.12187717854976654
step=175, loss=0.12046796828508377
step=200, loss=0.12891054153442383
step=225, loss=0.10090525448322296
step=250, loss=0.11348375678062439
step=275, loss=0.13704881072044373
step=300, loss=0.09243424981832504
step=325, loss=0.10228888690471649
step=350, loss=0.1065201610326767
step=375, loss=0.11348506063222885
epoch=2, train_loss=0.12259072, validation_loss=0.11138035
epoch=3
step=0, loss=0.14108864963054657
step=25, loss=0.09017281234264374
step=50, loss=0.09526531398296356
step=75, loss=0.12771165370941162
step=100, loss=0.08359862864017487
step=125, loss=0.09683120250701904
step=150, loss=0.08520844578742981
step=175, loss=0.07849902659654617
step=200, loss=0.08438882231712341
step=225, loss=0.1231984794139862
step=250, loss=0.10328914225101471
step=275, loss=0.09669512510299683
step=300, loss=0.08119922876358032
step=325, loss=0.08436759561300278
step=350, loss=0.0927869975566864
step=375, loss=0.07551335543394089
epoch=3, train_loss=0.09807927, validation_loss=0.10600963
epoch=4
step=0, loss=0.08986321091651917
step=25, loss=0.10594384372234344
step=50, loss=0.07808467745780945
step=75, loss=0.09934335201978683
step=100, loss=0.07809004932641983
step=125, loss=0.09681844711303711
step=150, loss=0.10243988037109375
step=175, loss=0.09696327149868011
step=200, loss=0.058564651757478714
step=225, loss=0.11134378612041473
step=250, loss=0.06886519491672516
step=275, loss=0.07689201831817627
step=300, loss=0.10822255164384842
step=325, loss=0.1263124942779541
step=350, loss=0.11241243034601212
step=375, loss=0.0826566070318222
epoch=4, train_loss=0.08895172, validation_loss=0.18399812
Sampling...
device=device(type='cuda')
Saved 64 sample visualizations beside PosixPath('pusht_outputs/epoch_5.png')
epoch=5
step=0, loss=0.09003676474094391
step=25, loss=0.41839128732681274
step=50, loss=0.1301160603761673
step=75, loss=0.1181410551071167
step=100, loss=0.11463549733161926
step=125, loss=0.07817541062831879
step=150, loss=0.07231128960847855
step=175, loss=0.07753611356019974
step=200, loss=0.09855638444423676
step=225, loss=0.07738843560218811
step=250, loss=0.07281336933374405
step=275, loss=0.11984942853450775
step=300, loss=0.07245129346847534
step=325, loss=0.07300148159265518
step=350, loss=0.0678725391626358
step=375, loss=0.0680694505572319
epoch=5, train_loss=0.10197066, validation_loss=0.07668394
epoch=6
step=0, loss=0.07777059078216553
step=25, loss=0.09304651618003845
step=50, loss=0.07356694340705872
step=75, loss=0.05469154566526413
step=100, loss=0.07229634374380112
step=125, loss=0.04915447533130646
step=150, loss=0.08945417404174805
step=175, loss=0.090181864798069
step=200, loss=0.07152444124221802
step=225, loss=0.07747209072113037
step=250, loss=0.04701753705739975
step=275, loss=0.06461773067712784
step=300, loss=0.06992041319608688
step=325, loss=0.08480722457170486
step=350, loss=0.07485751807689667
step=375, loss=0.07689221203327179
epoch=6, train_loss=0.06994198, validation_loss=0.11655350
epoch=7
step=0, loss=0.0869959145784378
step=25, loss=0.133376806974411
step=50, loss=0.0615663155913353
step=75, loss=0.07860756665468216
step=100, loss=0.07378929853439331
step=125, loss=0.05517091974616051
step=150, loss=0.05026308447122574
step=175, loss=0.06305152177810669
step=200, loss=0.0603317953646183
step=225, loss=0.05638234317302704
step=250, loss=0.09203295409679413
step=275, loss=0.10118579119443893
step=300, loss=0.07359428703784943
step=325, loss=0.05913156643509865
step=350, loss=0.05065733939409256
step=375, loss=0.06100895628333092
epoch=7, train_loss=0.06980083, validation_loss=0.13527490
epoch=8
step=0, loss=0.12838222086429596
step=25, loss=0.09901677072048187
step=50, loss=0.11989376693964005
step=75, loss=0.07907146215438843
step=100, loss=0.07532322406768799
step=125, loss=0.05317361652851105
step=150, loss=0.07857699692249298
step=175, loss=0.04443838819861412
step=200, loss=0.08848975598812103
step=225, loss=0.05537737160921097
step=250, loss=0.06142822280526161
step=275, loss=0.050046999007463455
step=300, loss=0.06170054152607918
step=325, loss=0.06884576380252838
step=350, loss=0.04900302737951279
step=375, loss=0.058065205812454224
epoch=8, train_loss=0.06957721, validation_loss=0.10426944
epoch=9
step=0, loss=0.09267708659172058
step=25, loss=0.07904550433158875
step=50, loss=0.10367277264595032
step=75, loss=0.07818950712680817
step=100, loss=0.05843415856361389
step=125, loss=0.05590645223855972
step=150, loss=0.061227284371852875
step=175, loss=0.05954805389046669
step=200, loss=0.04110494628548622
step=225, loss=0.0754995346069336
step=250, loss=0.06750033050775528
step=275, loss=0.07233283668756485
step=300, loss=0.08350235223770142
step=325, loss=0.041524939239025116
step=350, loss=0.06809908151626587
step=375, loss=0.0736108273267746
epoch=9, train_loss=0.06410357, validation_loss=0.05413190
Sampling...
device=device(type='cuda')
Saved 64 sample visualizations beside PosixPath('pusht_outputs/epoch_10.png')
epoch=10
step=0, loss=0.05914552882313728
step=25, loss=0.05951746553182602
step=50, loss=0.09281055629253387
step=75, loss=0.04997847601771355
step=100, loss=0.06086206063628197
step=125, loss=0.06328222155570984
step=150, loss=0.05063299089670181
step=175, loss=0.06994623690843582
step=200, loss=0.07321982085704803
step=225, loss=0.04036664217710495
step=250, loss=0.06951718032360077
step=275, loss=0.055208541452884674
step=300, loss=0.07351173460483551
step=325, loss=0.06435562670230865
step=350, loss=0.04352450370788574
step=375, loss=0.06756063550710678
epoch=10, train_loss=0.05670616, validation_loss=0.04757286
epoch=11
step=0, loss=0.06320826709270477
step=25, loss=0.05814690887928009
step=50, loss=0.04556141048669815
step=75, loss=0.032691746950149536
step=100, loss=0.05401945486664772
step=125, loss=0.037549905478954315
step=150, loss=0.04462941735982895
step=175, loss=0.05304397642612457
step=200, loss=0.059798575937747955
step=225, loss=0.05501871556043625
step=250, loss=0.04746425151824951
step=275, loss=0.04412924498319626
step=300, loss=0.07607859373092651
step=325, loss=0.04516215994954109
step=350, loss=0.03313319385051727
step=375, loss=0.05751769617199898
epoch=11, train_loss=0.05307030, validation_loss=0.05551651
epoch=12
step=0, loss=0.0493355318903923
step=25, loss=0.06297854334115982
step=50, loss=0.05463569611310959
step=75, loss=0.06738609820604324
step=100, loss=0.052033036947250366
step=125, loss=0.06646677106618881
step=150, loss=0.038323599845170975
step=175, loss=0.06026124581694603
step=200, loss=0.12191523611545563
step=225, loss=0.06021449714899063
step=250, loss=0.053453478962183
step=275, loss=0.05200745165348053
step=300, loss=0.042673155665397644
step=325, loss=0.04247354716062546
step=350, loss=0.05064823105931282
step=375, loss=0.06883417069911957
epoch=12, train_loss=0.05502802, validation_loss=0.15761478
epoch=13
step=0, loss=0.1258845329284668
step=25, loss=0.09098624438047409
step=50, loss=0.06214845925569534
step=75, loss=0.0728185623884201
step=100, loss=0.057941045612096786
step=125, loss=0.04773701727390289
step=150, loss=0.05841389298439026
step=175, loss=0.04281054064631462
step=200, loss=0.0639834776520729
step=225, loss=0.038482215255498886
step=250, loss=0.034646596759557724
step=275, loss=0.04626583307981491
step=300, loss=0.05610758811235428
step=325, loss=0.05573786795139313
step=350, loss=0.0452757403254509
step=375, loss=0.039588671177625656
epoch=13, train_loss=0.05585966, validation_loss=0.04608577
epoch=14
step=0, loss=0.07426361739635468
step=25, loss=0.035000015050172806
step=50, loss=0.051660094410181046
step=75, loss=0.04070986062288284
step=100, loss=0.047893039882183075
step=125, loss=0.04480518400669098
step=150, loss=0.048291679471731186
step=175, loss=0.042867209762334824
step=200, loss=0.055753834545612335
step=225, loss=0.05935307592153549
step=250, loss=0.04343533515930176
step=275, loss=0.038008153438568115
step=300, loss=0.030742211267352104
step=325, loss=0.037083495408296585
step=350, loss=0.037425484508275986
step=375, loss=0.03390810638666153
epoch=14, train_loss=0.04873976, validation_loss=0.05277586
Sampling...
device=device(type='cuda')
Saved 64 sample visualizations beside PosixPath('pusht_outputs/epoch_15.png')
epoch=15
step=0, loss=0.051298148930072784
step=25, loss=0.05256975442171097
step=50, loss=0.03560616075992584
step=75, loss=0.05707839876413345
step=100, loss=0.030778663232922554
step=125, loss=0.04749251902103424
step=150, loss=0.04684429243206978
step=175, loss=0.047876980155706406
step=200, loss=0.052767861634492874
step=225, loss=0.07460956275463104
step=250, loss=0.06590592861175537
step=275, loss=0.041722238063812256
step=300, loss=0.03613495081663132
step=325, loss=0.03956121951341629
step=350, loss=0.028581436723470688
step=375, loss=0.041172269731760025
epoch=15, train_loss=0.04652747, validation_loss=0.04680436
epoch=16
step=0, loss=0.056982751935720444
step=25, loss=0.05269297584891319
step=50, loss=0.04525597393512726
step=75, loss=0.05614633858203888
step=100, loss=0.029722806066274643
step=125, loss=0.039442017674446106
step=150, loss=0.049381546676158905
step=175, loss=0.04584856331348419
step=200, loss=0.044103674590587616
step=225, loss=0.06332823634147644
step=250, loss=0.06216394528746605
step=275, loss=0.03835230693221092
step=300, loss=0.034106120467185974
step=325, loss=0.03523430973291397
step=350, loss=0.06083037331700325
step=375, loss=0.030459942296147346
epoch=16, train_loss=0.04728575, validation_loss=0.06389192
epoch=17
step=0, loss=0.052277691662311554
step=25, loss=0.03559207543730736
step=50, loss=0.07000621408224106
step=75, loss=0.034482441842556
step=100, loss=0.03899748623371124
step=125, loss=0.06462699919939041
step=150, loss=0.02968994341790676
step=175, loss=0.043063968420028687
step=200, loss=0.029974021017551422
step=225, loss=0.05915341526269913
step=250, loss=0.03997563570737839
step=275, loss=0.03476518392562866
step=300, loss=0.03723996877670288
step=325, loss=0.04895491153001785
step=350, loss=0.03744707256555557
step=375, loss=0.06362137943506241
epoch=17, train_loss=0.04488782, validation_loss=0.04888123
epoch=18
step=0, loss=0.039633799344301224
step=25, loss=0.04314466193318367
step=50, loss=0.03315522521734238
step=75, loss=0.029575565829873085
step=100, loss=0.04068648815155029
step=125, loss=0.04848482087254524
step=150, loss=0.051204584538936615
step=175, loss=0.03306886553764343
step=200, loss=0.03574538603425026
step=225, loss=0.03357665240764618
step=250, loss=0.0785483717918396
step=275, loss=0.041555095463991165
step=300, loss=0.042842596769332886
step=325, loss=0.05667366459965706
step=350, loss=0.025993674993515015
step=375, loss=0.03432018309831619
epoch=18, train_loss=0.04594109, validation_loss=0.04028571
epoch=19
step=0, loss=0.05054549500346184
step=25, loss=0.05214391648769379
step=50, loss=0.03637216240167618
step=75, loss=0.04196292906999588
step=100, loss=0.040866509079933167
step=125, loss=0.06216462701559067
step=150, loss=0.0395938865840435
step=175, loss=0.04352661967277527
step=200, loss=0.03241001442074776
step=225, loss=0.036450937390327454
step=250, loss=0.03967329114675522
step=275, loss=0.05317484587430954
step=300, loss=0.029865970835089684
step=325, loss=0.034553080797195435
step=350, loss=0.0361071452498436
step=375, loss=0.032369863241910934
epoch=19, train_loss=0.04403756, validation_loss=0.04102531
Sampling...
device=device(type='cuda')
Saved 64 sample visualizations beside PosixPath('pusht_outputs/epoch_20.png')
epoch=20
step=0, loss=0.04947485774755478
step=25, loss=0.045315876603126526
step=50, loss=0.046637553721666336
step=75, loss=0.03882613778114319
step=100, loss=0.04172085225582123
step=125, loss=0.03068730980157852
step=150, loss=0.048559240996837616
step=175, loss=0.038319457322359085
step=200, loss=0.06465911865234375
step=225, loss=0.06327258050441742
step=250, loss=0.0505552664399147
step=275, loss=0.03323988988995552
step=300, loss=0.03604438900947571
step=325, loss=0.03549516946077347
step=350, loss=0.04375971481204033
step=375, loss=0.055443793535232544
epoch=20, train_loss=0.04222585, validation_loss=0.05512529
epoch=21
step=0, loss=0.058172255754470825
step=25, loss=0.0646553561091423
step=50, loss=0.032871611416339874
step=75, loss=0.06877797096967697
step=100, loss=0.029418278485536575
step=125, loss=0.03128504753112793
step=150, loss=0.05040639638900757
step=175, loss=0.03710763156414032
step=200, loss=0.054363347589969635
step=225, loss=0.047237493097782135
step=250, loss=0.03771088272333145
step=275, loss=0.03250677511096001
step=300, loss=0.036058053374290466
step=325, loss=0.056174103170633316
step=350, loss=0.03183967247605324
step=375, loss=0.021271655336022377
epoch=21, train_loss=0.04105935, validation_loss=0.05003153
epoch=22
step=0, loss=0.0429086908698082
step=25, loss=0.04029029980301857
step=50, loss=0.029914040118455887
step=75, loss=0.05888766795396805
step=100, loss=0.042216707020998
step=125, loss=0.052161529660224915
step=150, loss=0.04088352993130684
step=175, loss=0.05056420713663101
step=200, loss=0.04656195268034935
step=225, loss=0.04476534202694893
step=250, loss=0.059115756303071976
step=275, loss=0.037398576736450195
step=300, loss=0.045019425451755524
step=325, loss=0.04711931198835373
step=350, loss=0.0521431639790535
step=375, loss=0.030152425169944763
epoch=22, train_loss=0.04273524, validation_loss=0.03978427
epoch=23
step=0, loss=0.0339512899518013
step=25, loss=0.05113828927278519
step=50, loss=0.06439939886331558
step=75, loss=0.02978026494383812
step=100, loss=0.05607083439826965
step=125, loss=0.03973362222313881
step=150, loss=0.04537373408675194
step=175, loss=0.047590114176273346
step=200, loss=0.037046074867248535
step=225, loss=0.033160507678985596
step=250, loss=0.03668507561087608
step=275, loss=0.030522402375936508
step=300, loss=0.050182901322841644
step=325, loss=0.05024324357509613
step=350, loss=0.06350789219141006
step=375, loss=0.03454037755727768
epoch=23, train_loss=0.04286215, validation_loss=0.06302349
epoch=24
step=0, loss=0.028622034937143326
step=25, loss=0.04957716539502144
step=50, loss=0.05004667490720749
step=75, loss=0.03314461559057236
step=100, loss=0.019783688709139824
step=125, loss=0.046153560280799866
step=150, loss=0.03424863517284393
step=175, loss=0.030357081443071365
step=200, loss=0.04837793856859207
step=225, loss=0.054885610938072205
step=250, loss=0.03213048726320267
step=275, loss=0.04447587952017784
step=300, loss=0.0427263043820858
step=325, loss=0.025993581861257553
step=350, loss=0.05088096112012863
step=375, loss=0.025967275723814964
epoch=24, train_loss=0.04341147, validation_loss=0.04059783
Sampling...
device=device(type='cuda')
Saved 64 sample visualizations beside PosixPath('pusht_outputs/epoch_25.png')
epoch=25
step=0, loss=0.03537481278181076
step=25, loss=0.034855157136917114
step=50, loss=0.03107420541346073
step=75, loss=0.061456575989723206
step=100, loss=0.028286028653383255
step=125, loss=0.044338956475257874
step=150, loss=0.03881622478365898
step=175, loss=0.0296673234552145
step=200, loss=0.0335690900683403
step=225, loss=0.0751219093799591
step=250, loss=0.031212687492370605
step=275, loss=0.04561952129006386
step=300, loss=0.04287039116024971
step=325, loss=0.04421507567167282
step=350, loss=0.03146405518054962
step=375, loss=0.05173521116375923
epoch=25, train_loss=0.04169646, validation_loss=0.03277288
epoch=26
step=0, loss=0.04278222471475601
step=25, loss=0.0404643639922142
step=50, loss=0.043526142835617065
step=75, loss=0.04083353653550148
step=100, loss=0.04153077304363251
step=125, loss=0.03966226801276207
step=150, loss=0.027773745357990265
step=175, loss=0.025861721485853195
step=200, loss=0.04405736178159714
step=225, loss=0.047443896532058716
step=250, loss=0.031884029507637024
step=275, loss=0.03722266107797623
step=300, loss=0.03674168139696121
step=325, loss=0.04956384748220444
step=350, loss=0.053344499319791794
step=375, loss=0.029563644900918007
epoch=26, train_loss=0.03925432, validation_loss=0.04240174
epoch=27
step=0, loss=0.03165997564792633
step=25, loss=0.03886287659406662
step=50, loss=0.03745242580771446
step=75, loss=0.0462007075548172
step=100, loss=0.03822015970945358
step=125, loss=0.050249531865119934
step=150, loss=0.04422197490930557
step=175, loss=0.024501338601112366
step=200, loss=0.03394142538309097
step=225, loss=0.026940476149320602
step=250, loss=0.037717752158641815
step=275, loss=0.03417547047138214
step=300, loss=0.04674186557531357
step=325, loss=0.03521190956234932
step=350, loss=0.028941668570041656
step=375, loss=0.04833634942770004
epoch=27, train_loss=0.03883004, validation_loss=0.04007450
epoch=28
step=0, loss=0.05064941942691803
step=25, loss=0.05131591856479645
step=50, loss=0.027353089302778244
step=75, loss=0.04865075647830963
step=100, loss=0.02956399694085121
step=125, loss=0.06082431226968765
step=150, loss=0.04831559211015701
step=175, loss=0.046973586082458496
step=200, loss=0.05606736242771149
step=225, loss=0.03516784682869911
step=250, loss=0.032808467745780945
step=275, loss=0.028148818761110306
step=300, loss=0.0389183834195137
step=325, loss=0.037120964378118515
step=350, loss=0.05317220464348793
step=375, loss=0.03992366045713425
epoch=28, train_loss=0.04087347, validation_loss=0.04987095
epoch=29
step=0, loss=0.06205758452415466
step=25, loss=0.0364329032599926
step=50, loss=0.03922129422426224
step=75, loss=0.030831757932901382
step=100, loss=0.03106793947517872
step=125, loss=0.04062548279762268
step=150, loss=0.0305885411798954
step=175, loss=0.026056773960590363
step=200, loss=0.04395236819982529
step=225, loss=0.04010190814733505
step=250, loss=0.04776308685541153
step=275, loss=0.04334268718957901
step=300, loss=0.02845623716711998
step=325, loss=0.046313729137182236
step=350, loss=0.04067453742027283
step=375, loss=0.049749955534935
epoch=29, train_loss=0.03996063, validation_loss=0.13516784
Sampling...
device=device(type='cuda')
Saved 64 sample visualizations beside PosixPath('pusht_outputs/epoch_30.png')
epoch=30
step=0, loss=0.12051060795783997
step=25, loss=0.0944347232580185
step=50, loss=0.0605817586183548
step=75, loss=0.037580471485853195
step=100, loss=0.034073926508426666
step=125, loss=0.031798943877220154
step=150, loss=0.03778081387281418
step=175, loss=0.03240017220377922
step=200, loss=0.03785396367311478
step=225, loss=0.040173307061195374
step=250, loss=0.06651332974433899
step=275, loss=0.029770152643322945
step=300, loss=0.048536576330661774
step=325, loss=0.023858364671468735
step=350, loss=0.031871773302555084
step=375, loss=0.048631228506565094
epoch=30, train_loss=0.05218104, validation_loss=0.04278509
epoch=31
step=0, loss=0.02735929749906063
step=25, loss=0.02123429626226425
step=50, loss=0.0363428071141243
step=75, loss=0.03673079237341881
step=100, loss=0.041379041969776154
step=125, loss=0.04542353004217148
step=150, loss=0.02829713746905327
step=175, loss=0.0373864620923996
step=200, loss=0.03220709413290024
step=225, loss=0.048938773572444916
step=250, loss=0.022931423038244247
step=275, loss=0.02721123769879341
step=300, loss=0.04066351428627968
step=325, loss=0.05262487381696701
step=350, loss=0.030233636498451233
step=375, loss=0.03237742930650711
epoch=31, train_loss=0.03754140, validation_loss=0.04408816
epoch=32
step=0, loss=0.034375373274087906
step=25, loss=0.03578531742095947
step=50, loss=0.034220077097415924
step=75, loss=0.04601171985268593
step=100, loss=0.03699161857366562
step=125, loss=0.04728270322084427
step=150, loss=0.04509422928094864
step=175, loss=0.027620254084467888
step=200, loss=0.03539672866463661
step=225, loss=0.03412783518433571
step=250, loss=0.039014194160699844
step=275, loss=0.029049459844827652
step=300, loss=0.03853537514805794
step=325, loss=0.03429356589913368
step=350, loss=0.03185820206999779
step=375, loss=0.04554057493805885
epoch=32, train_loss=0.03835545, validation_loss=0.04849644
epoch=33
step=0, loss=0.04368627071380615
step=25, loss=0.03642504662275314
step=50, loss=0.053561046719551086
step=75, loss=0.03356141597032547
step=100, loss=0.0338081419467926
step=125, loss=0.025198563933372498
step=150, loss=0.033012907952070236
step=175, loss=0.022579770535230637
step=200, loss=0.05373038351535797
step=225, loss=0.028609570115804672
step=250, loss=0.044550489634275436
step=275, loss=0.04713096469640732
step=300, loss=0.03457345813512802
step=325, loss=0.04077399894595146
step=350, loss=0.03782191127538681
step=375, loss=0.03639233857393265
epoch=33, train_loss=0.03999281, validation_loss=0.03555168
epoch=34
step=0, loss=0.021123874932527542
step=25, loss=0.035449303686618805
step=50, loss=0.03857980668544769
step=75, loss=0.041429489850997925
step=100, loss=0.03578692674636841
step=125, loss=0.022687600925564766
step=150, loss=0.02049650251865387
step=175, loss=0.04657982289791107
step=200, loss=0.03453779220581055
step=225, loss=0.04571015387773514
step=250, loss=0.04472813755273819
step=275, loss=0.029398951679468155
step=300, loss=0.02273722179234028
step=325, loss=0.028961338102817535
step=350, loss=0.055959269404411316
step=375, loss=0.03253058344125748
epoch=34, train_loss=0.03636200, validation_loss=0.05222115
Sampling...
device=device(type='cuda')
Saved 64 sample visualizations beside PosixPath('pusht_outputs/epoch_35.png')
epoch=35
step=0, loss=0.04316922277212143
step=25, loss=0.04527176171541214
step=50, loss=0.044964201748371124
step=75, loss=0.020259026437997818
step=100, loss=0.04260828346014023
step=125, loss=0.03365577012300491
step=150, loss=0.05277904123067856
step=175, loss=0.0381227508187294
step=200, loss=0.06300708651542664
step=225, loss=0.04040570184588432
step=250, loss=0.030261032283306122
step=275, loss=0.04159465432167053
step=300, loss=0.0497908741235733
step=325, loss=0.03826397657394409
step=350, loss=0.049582161009311676
step=375, loss=0.02246999740600586
epoch=35, train_loss=0.03734139, validation_loss=0.03956806
epoch=36
step=0, loss=0.031581979244947433
step=25, loss=0.04542744159698486
step=50, loss=0.03480510786175728
step=75, loss=0.039472755044698715
step=100, loss=0.018723154440522194
step=125, loss=0.03573840856552124
step=150, loss=0.03145023062825203
step=175, loss=0.036852553486824036
step=200, loss=0.02806851826608181
step=225, loss=0.029512055218219757
step=250, loss=0.027980143204331398
step=275, loss=0.04368055984377861
step=300, loss=0.02742859348654747
step=325, loss=0.023285044357180595
step=350, loss=0.025065811350941658
step=375, loss=0.018407924100756645
epoch=36, train_loss=0.03657993, validation_loss=0.04528898
epoch=37
step=0, loss=0.043824754655361176
step=25, loss=0.027636926621198654
step=50, loss=0.029291223734617233
step=75, loss=0.033861663192510605
step=100, loss=0.0254752766340971
step=125, loss=0.028730999678373337
step=150, loss=0.036065828055143356
step=175, loss=0.028400447219610214
step=200, loss=0.03919535502791405
step=225, loss=0.042156800627708435
step=250, loss=0.0367998331785202
step=275, loss=0.04963330924510956
step=300, loss=0.04655067250132561
step=325, loss=0.04132566228508949
step=350, loss=0.052190326154232025
step=375, loss=0.024614378809928894
epoch=37, train_loss=0.03770226, validation_loss=0.04864558
epoch=38
step=0, loss=0.026560664176940918
step=25, loss=0.02794581465423107
step=50, loss=0.04621349275112152
step=75, loss=0.02961289882659912
step=100, loss=0.04088301956653595
step=125, loss=0.04008236899971962
step=150, loss=0.03663884103298187
step=175, loss=0.059271857142448425
step=200, loss=0.027095183730125427
step=225, loss=0.04135143384337425
step=250, loss=0.041517406702041626
step=275, loss=0.03175345063209534
step=300, loss=0.022951366379857063
step=325, loss=0.03556212782859802
step=350, loss=0.02539025992155075
step=375, loss=0.058270540088415146
epoch=38, train_loss=0.03689223, validation_loss=0.03981557
epoch=39
step=0, loss=0.050426460802555084
step=25, loss=0.030923426151275635
step=50, loss=0.026124797761440277
step=75, loss=0.02485082298517227
step=100, loss=0.038014642894268036
step=125, loss=0.057166509330272675
step=150, loss=0.040118344128131866
step=175, loss=0.024909745901823044
step=200, loss=0.03783057630062103
step=225, loss=0.019995316863059998
step=250, loss=0.0457148477435112
step=275, loss=0.030990086495876312
step=300, loss=0.02342328615486622
step=325, loss=0.023799564689397812
step=350, loss=0.020001085475087166
step=375, loss=0.019765667617321014
epoch=39, train_loss=0.03592615, validation_loss=0.03574001
Sampling...
device=device(type='cuda')
Saved 64 sample visualizations beside PosixPath('pusht_outputs/epoch_40.png')
epoch=40
step=0, loss=0.03136712312698364
step=25, loss=0.043807778507471085
step=50, loss=0.03508218377828598
step=75, loss=0.07561828196048737
step=100, loss=0.027535416185855865
step=125, loss=0.02865961194038391
step=150, loss=0.02975676767528057
step=175, loss=0.020582111552357674
step=200, loss=0.040183380246162415
step=225, loss=0.034771546721458435
step=250, loss=0.03032609261572361
step=275, loss=0.04294981807470322
step=300, loss=0.03367254137992859
step=325, loss=0.021205851808190346
step=350, loss=0.04552556946873665
step=375, loss=0.031166844069957733
epoch=40, train_loss=0.03486971, validation_loss=0.03756530
epoch=41
step=0, loss=0.034828413277864456
step=25, loss=0.03616240620613098
step=50, loss=0.020519722253084183
step=75, loss=0.025648603215813637
step=100, loss=0.03270864486694336
step=125, loss=0.024833643808960915
step=150, loss=0.036667600274086
step=175, loss=0.027841642498970032
step=200, loss=0.03657161816954613
step=225, loss=0.022314779460430145
step=250, loss=0.04210469499230385
step=275, loss=0.02978576347231865
step=300, loss=0.03327975422143936
step=325, loss=0.07261542975902557
step=350, loss=0.02422424778342247
step=375, loss=0.046811677515506744
epoch=41, train_loss=0.03535649, validation_loss=0.03678508
epoch=42
step=0, loss=0.02288862317800522
step=25, loss=0.03622729331254959
step=50, loss=0.058996960520744324
step=75, loss=0.03187621384859085
step=100, loss=0.028794169425964355
step=125, loss=0.030522869899868965
step=150, loss=0.030913816764950752
step=175, loss=0.045324862003326416
step=200, loss=0.04860004410147667
step=225, loss=0.04247482866048813
step=250, loss=0.03212903439998627
step=275, loss=0.03199383616447449
step=300, loss=0.033164940774440765
step=325, loss=0.038571566343307495
step=350, loss=0.030834607779979706
step=375, loss=0.05764780938625336
epoch=42, train_loss=0.03698348, validation_loss=0.03929909
epoch=43
step=0, loss=0.046433448791503906
step=25, loss=0.027149103581905365
step=50, loss=0.036666229367256165
step=75, loss=0.03770820051431656
step=100, loss=0.03448313847184181
step=125, loss=0.03753243386745453
step=150, loss=0.04172958806157112
step=175, loss=0.03585239499807358
step=200, loss=0.02615143358707428
step=225, loss=0.03949693590402603
step=250, loss=0.020962409675121307
step=275, loss=0.02286107838153839
step=300, loss=0.04899628832936287
step=325, loss=0.05606044456362724
step=350, loss=0.029618212953209877
step=375, loss=0.03670069947838783
epoch=43, train_loss=0.03577665, validation_loss=0.03334309
epoch=44
step=0, loss=0.030920466408133507
step=25, loss=0.04720958322286606
step=50, loss=0.02463781088590622
step=75, loss=0.023852519690990448
step=100, loss=0.026157019659876823
step=125, loss=0.028065195307135582
step=150, loss=0.033274054527282715
step=175, loss=0.04657513648271561
step=200, loss=0.04406615346670151
step=225, loss=0.04474096745252609
step=250, loss=0.03453570976853371
step=275, loss=0.033122871071100235
step=300, loss=0.03533318266272545
step=325, loss=0.05025246739387512
step=350, loss=0.031299807131290436
step=375, loss=0.032484233379364014
epoch=44, train_loss=0.03542800, validation_loss=0.14966573
Sampling...
device=device(type='cuda')
Saved 64 sample visualizations beside PosixPath('pusht_outputs/epoch_45.png')
epoch=45
step=0, loss=0.10418473929166794
step=25, loss=0.19262491166591644
step=50, loss=0.07017730176448822
step=75, loss=0.04610201716423035
step=100, loss=0.04975838214159012
step=125, loss=0.05333273112773895
step=150, loss=0.041977837681770325
step=175, loss=0.03005523793399334
step=200, loss=0.0516163669526577
step=225, loss=0.04491665959358215
step=250, loss=0.049919549375772476
step=275, loss=0.05744362622499466
step=300, loss=0.022282948717474937
step=325, loss=0.039426736533641815
step=350, loss=0.030872303992509842
step=375, loss=0.043989092111587524
epoch=45, train_loss=0.06959222, validation_loss=0.04170559
epoch=46
step=0, loss=0.03898419439792633
step=25, loss=0.03349846228957176
step=50, loss=0.028906067833304405
step=75, loss=0.037061527371406555
step=100, loss=0.02271881140768528
step=125, loss=0.03819996491074562
step=150, loss=0.025637958198785782
step=175, loss=0.04071430116891861
step=200, loss=0.02261510118842125
step=225, loss=0.04636138677597046
step=250, loss=0.019972367212176323
step=275, loss=0.03524467721581459
step=300, loss=0.035378046333789825
step=325, loss=0.01461238507181406
step=350, loss=0.05913441628217697
step=375, loss=0.03442445769906044
epoch=46, train_loss=0.03440803, validation_loss=0.04552856
epoch=47
step=0, loss=0.06071951985359192
step=25, loss=0.0434696301817894
step=50, loss=0.028109189122915268
step=75, loss=0.03844829276204109
step=100, loss=0.03881441429257393
step=125, loss=0.03479251265525818
step=150, loss=0.0249781496822834
step=175, loss=0.0289103165268898
step=200, loss=0.04103502631187439
step=225, loss=0.038400232791900635
step=250, loss=0.033494122326374054
step=275, loss=0.03357137739658356
step=300, loss=0.04256238043308258
step=325, loss=0.025895539671182632
step=350, loss=0.03120434656739235
step=375, loss=0.021587643772363663
epoch=47, train_loss=0.03557714, validation_loss=0.03195111
epoch=48
step=0, loss=0.038760486990213394
step=25, loss=0.03832298144698143
step=50, loss=0.037422023713588715
step=75, loss=0.030714277178049088
step=100, loss=0.02842996083199978
step=125, loss=0.039778932929039
step=150, loss=0.02842865325510502
step=175, loss=0.02500307746231556
step=200, loss=0.016908621415495872
step=225, loss=0.026399768888950348
step=250, loss=0.03020506352186203
step=275, loss=0.037128858268260956
step=300, loss=0.023299697786569595
step=325, loss=0.029880452901124954
step=350, loss=0.028394915163517
step=375, loss=0.025368349626660347
epoch=48, train_loss=0.03275046, validation_loss=0.03457347
epoch=49
step=0, loss=0.016128135845065117
step=25, loss=0.0449591726064682
step=50, loss=0.031740907579660416
step=75, loss=0.031607456505298615
step=100, loss=0.05883106589317322
step=125, loss=0.03277004510164261
step=150, loss=0.029675181955099106
step=175, loss=0.027164746075868607
step=200, loss=0.0420919805765152
step=225, loss=0.030528869479894638
step=250, loss=0.020704982802271843
step=275, loss=0.02111825905740261
step=300, loss=0.019984407350420952
step=325, loss=0.02698664367198944
step=350, loss=0.025103401392698288
step=375, loss=0.05461730808019638
epoch=49, train_loss=0.03282940, validation_loss=0.03690831
Sampling...
device=device(type='cuda')
Saved 64 sample visualizations beside PosixPath('pusht_outputs/epoch_50.png')
epoch=50
step=0, loss=0.035102784633636475
step=25, loss=0.03635837137699127
step=50, loss=0.044812578707933426
step=75, loss=0.033292438834905624
step=100, loss=0.03579272702336311
step=125, loss=0.01550171710550785
step=150, loss=0.017179474234580994
step=175, loss=0.03139301389455795
step=200, loss=0.023471001535654068
step=225, loss=0.03863878548145294
step=250, loss=0.026849202811717987
step=275, loss=0.029056359082460403
step=300, loss=0.03452513366937637
step=325, loss=0.02454386278986931
step=350, loss=0.02770572528243065
step=375, loss=0.01891331560909748
epoch=50, train_loss=0.03249964, validation_loss=0.05255822
epoch=51
step=0, loss=0.05974411964416504
step=25, loss=0.10976776480674744
step=50, loss=0.06238054856657982
step=75, loss=0.04688052833080292
step=100, loss=0.03331006318330765
step=125, loss=0.026139605790376663
step=150, loss=0.03613560274243355
step=175, loss=0.04288418963551521
step=200, loss=0.022648785263299942
step=225, loss=0.0304594524204731
step=250, loss=0.025828892365098
step=275, loss=0.02085738815367222
step=300, loss=0.03399517014622688
step=325, loss=0.02865646593272686
step=350, loss=0.048227518796920776
step=375, loss=0.040257807821035385
epoch=51, train_loss=0.04464129, validation_loss=0.02907814
epoch=52
step=0, loss=0.03051096946001053
step=25, loss=0.023900646716356277
step=50, loss=0.04482876509428024
step=75, loss=0.049046628177165985
step=100, loss=0.023068826645612717
step=125, loss=0.033724345266819
step=150, loss=0.016309428960084915
step=175, loss=0.022417590022087097
step=200, loss=0.0416482537984848
step=225, loss=0.04068782180547714
step=250, loss=0.05028291046619415
step=275, loss=0.031483665108680725
step=300, loss=0.023951632902026176
step=325, loss=0.027639973908662796
step=350, loss=0.041798822581768036
step=375, loss=0.040831439197063446
epoch=52, train_loss=0.03308095, validation_loss=0.46519256
epoch=53
step=0, loss=0.18158671259880066
step=25, loss=0.43290770053863525
step=50, loss=0.3879370093345642
step=75, loss=0.15293553471565247
step=100, loss=0.09407661855220795
step=125, loss=0.07062982022762299
step=150, loss=0.21093209087848663
step=175, loss=0.09724976122379303
step=200, loss=0.07643113285303116
step=225, loss=0.04646626487374306
step=250, loss=0.07033731043338776
step=275, loss=0.056137219071388245
step=300, loss=0.03960692137479782
step=325, loss=0.0490361824631691
step=350, loss=0.02542591281235218
step=375, loss=0.034908294677734375
epoch=53, train_loss=0.13625474, validation_loss=0.06522763
epoch=54
step=0, loss=0.05454577878117561
step=25, loss=0.05189110338687897
step=50, loss=0.030625099316239357
step=75, loss=0.028824003413319588
step=100, loss=0.055792465806007385
step=125, loss=0.04254904016852379
step=150, loss=0.0390874445438385
step=175, loss=0.05355730652809143
step=200, loss=0.019004931673407555
step=225, loss=0.03192100301384926
step=250, loss=0.023015469312667847
step=275, loss=0.04708542674779892
step=300, loss=0.035821810364723206
step=325, loss=0.029667166993021965
step=350, loss=0.02769147977232933
step=375, loss=0.020860616117715836
epoch=54, train_loss=0.04010212, validation_loss=0.03548119
Sampling...
device=device(type='cuda')
Saved 64 sample visualizations beside PosixPath('pusht_outputs/epoch_55.png')
epoch=55
step=0, loss=0.025959257036447525
step=25, loss=0.03869452327489853
step=50, loss=0.05422496050596237
step=75, loss=0.03236039727926254
step=100, loss=0.0516967736184597
step=125, loss=0.0355704128742218
step=150, loss=0.03210131824016571
step=175, loss=0.026199821382761
step=200, loss=0.03415670618414879
step=225, loss=0.020299740135669708
step=250, loss=0.026206305250525475
step=275, loss=0.025184737518429756
step=300, loss=0.024022921919822693
step=325, loss=0.04444313794374466
step=350, loss=0.042308464646339417
step=375, loss=0.023793846368789673
epoch=55, train_loss=0.03468732, validation_loss=0.03807776
epoch=56
step=0, loss=0.04005885496735573
step=25, loss=0.01715351641178131
step=50, loss=0.03538206219673157
step=75, loss=0.036409564316272736
step=100, loss=0.03808017075061798
step=125, loss=0.05941388010978699
step=150, loss=0.041816890239715576
step=175, loss=0.037174347788095474
step=200, loss=0.03805704414844513
step=225, loss=0.03214260935783386
step=250, loss=0.04013697803020477
step=275, loss=0.04388272389769554
step=300, loss=0.040178753435611725
step=325, loss=0.034899480640888214
step=350, loss=0.0389571487903595
step=375, loss=0.04146520048379898
epoch=56, train_loss=0.03461393, validation_loss=0.02844451
epoch=57
step=0, loss=0.03565942496061325
step=25, loss=0.04129992425441742
step=50, loss=0.031088534742593765
step=75, loss=0.04803885519504547
step=100, loss=0.035741955041885376
step=125, loss=0.025355637073516846
step=150, loss=0.03661700338125229
step=175, loss=0.0493955984711647
step=200, loss=0.036038659512996674
step=225, loss=0.030969755724072456
step=250, loss=0.030747078359127045
step=275, loss=0.049327269196510315
step=300, loss=0.03077583760023117
step=325, loss=0.04451640322804451
step=350, loss=0.03103034943342209
step=375, loss=0.035223767161369324
epoch=57, train_loss=0.03493106, validation_loss=0.03596090
epoch=58
step=0, loss=0.046201325953006744
step=25, loss=0.040010228753089905
step=50, loss=0.0494469478726387
step=75, loss=0.031906045973300934
step=100, loss=0.02532947063446045
step=125, loss=0.032095134258270264
step=150, loss=0.0417412668466568
step=175, loss=0.026577457785606384
step=200, loss=0.042130570858716965
step=225, loss=0.04184042289853096
step=250, loss=0.023729603737592697
step=275, loss=0.027220293879508972
step=300, loss=0.04802565276622772
step=325, loss=0.03066842630505562
step=350, loss=0.04534032195806503
step=375, loss=0.05385928601026535
epoch=58, train_loss=0.03338402, validation_loss=0.02934824
epoch=59
step=0, loss=0.039224714040756226
step=25, loss=0.020208142697811127
step=50, loss=0.03461593762040138
step=75, loss=0.0289565771818161
step=100, loss=0.021887052804231644
step=125, loss=0.02730480208992958
step=150, loss=0.01945788785815239
step=175, loss=0.030212540179491043
step=200, loss=0.026639357209205627
step=225, loss=0.025312146171927452
step=250, loss=0.03755427151918411
step=275, loss=0.02960745058953762
step=300, loss=0.016710428521037102
step=325, loss=0.02727605402469635
step=350, loss=0.03035920299589634
step=375, loss=0.0409369170665741
epoch=59, train_loss=0.03226892, validation_loss=0.03486004
Sampling...
device=device(type='cuda')
Saved 64 sample visualizations beside PosixPath('pusht_outputs/epoch_60.png')
epoch=60
step=0, loss=0.02513958513736725
step=25, loss=0.023348819464445114
step=50, loss=0.03897034004330635
step=75, loss=0.03341645002365112
step=100, loss=0.0397668331861496
step=125, loss=0.044778451323509216
step=150, loss=0.03964270278811455
step=175, loss=0.029076391831040382
step=200, loss=0.02263038419187069
step=225, loss=0.03518957272171974
step=250, loss=0.02738131396472454
step=275, loss=0.04366568475961685
step=300, loss=0.034226782619953156
step=325, loss=0.02574196644127369
step=350, loss=0.029687928035855293
step=375, loss=0.05425495654344559
epoch=60, train_loss=0.03295633, validation_loss=0.03209795
epoch=61
step=0, loss=0.035574447363615036
step=25, loss=0.023850809782743454
step=50, loss=0.026247035712003708
step=75, loss=0.05436376482248306
step=100, loss=0.03921591490507126
step=125, loss=0.024328632280230522
step=150, loss=0.028421280905604362
step=175, loss=0.021200161427259445
step=200, loss=0.023733366280794144
step=225, loss=0.041963059455156326
step=250, loss=0.06344549357891083
step=275, loss=0.01545233465731144
step=300, loss=0.025142351165413857
step=325, loss=0.021549493074417114
step=350, loss=0.0614866204559803
step=375, loss=0.02480131946504116
epoch=61, train_loss=0.03219469, validation_loss=0.03079251
epoch=62
step=0, loss=0.03247526288032532
step=25, loss=0.052376821637153625
step=50, loss=0.047391436994075775
step=75, loss=0.03507866710424423
step=100, loss=0.023325184360146523
step=125, loss=0.03380153328180313
step=150, loss=0.017018456012010574
step=175, loss=0.023765912279486656
step=200, loss=0.02187686786055565
step=225, loss=0.0409846305847168
step=250, loss=0.021985255181789398
step=275, loss=0.023741694167256355
step=300, loss=0.023231493309140205
step=325, loss=0.029161227867007256
step=350, loss=0.021721020340919495
step=375, loss=0.0519830584526062
epoch=62, train_loss=0.03158122, validation_loss=0.03350831
epoch=63
step=0, loss=0.04192151501774788
step=25, loss=0.029907971620559692
step=50, loss=0.04537193477153778
step=75, loss=0.030664561316370964
step=100, loss=0.028289765119552612
step=125, loss=0.030645497143268585
step=150, loss=0.03498643636703491
step=175, loss=0.034931644797325134
step=200, loss=0.020541708916425705
step=225, loss=0.01853899285197258
step=250, loss=0.038364190608263016
step=275, loss=0.04833926260471344
step=300, loss=0.04569680616259575
step=325, loss=0.030932869762182236
step=350, loss=0.03175067901611328
step=375, loss=0.023582924157381058
epoch=63, train_loss=0.03214994, validation_loss=0.03846441
epoch=64
step=0, loss=0.04752741754055023
step=25, loss=0.05157921463251114
step=50, loss=0.037769585847854614
step=75, loss=0.023311883211135864
step=100, loss=0.01569504849612713
step=125, loss=0.029097745195031166
step=150, loss=0.01590101234614849
step=175, loss=0.03943655267357826
step=200, loss=0.026095643639564514
step=225, loss=0.0174583587795496
step=250, loss=0.044626519083976746
step=275, loss=0.047259725630283356
step=300, loss=0.029648838564753532
step=325, loss=0.03779495507478714
step=350, loss=0.0462900847196579
step=375, loss=0.033701714128255844
epoch=64, train_loss=0.03334265, validation_loss=0.03530160
Sampling...
device=device(type='cuda')
Saved 64 sample visualizations beside PosixPath('pusht_outputs/epoch_65.png')
epoch=65
step=0, loss=0.02658919245004654
step=25, loss=0.05994851887226105
step=50, loss=0.042222410440444946
step=75, loss=0.05312247946858406
step=100, loss=0.05419929325580597
step=125, loss=0.015648430213332176
step=150, loss=0.034178853034973145
step=175, loss=0.040392205119132996
step=200, loss=0.04719778895378113
step=225, loss=0.01635137014091015
step=250, loss=0.015972908586263657
step=275, loss=0.05815231055021286
step=300, loss=0.024319501593708992
step=325, loss=0.032154545187950134
step=350, loss=0.040515169501304626
step=375, loss=0.025052718818187714
epoch=65, train_loss=0.03155193, validation_loss=0.04113636
epoch=66
step=0, loss=0.03593304753303528
step=25, loss=0.023147284984588623
step=50, loss=0.02864641137421131
step=75, loss=0.02896188385784626
step=100, loss=0.04660499095916748
step=125, loss=0.042242079973220825
step=150, loss=0.04450554400682449
step=175, loss=0.03609272465109825
step=200, loss=0.027150187641382217
step=225, loss=0.03378427028656006
step=250, loss=0.029877714812755585
step=275, loss=0.03234807401895523
step=300, loss=0.022283317521214485
step=325, loss=0.029860712587833405
step=350, loss=0.034084346145391464
step=375, loss=0.021595779806375504
epoch=66, train_loss=0.03243358, validation_loss=0.03115592
epoch=67
step=0, loss=0.0399363711476326
step=25, loss=0.04035373404622078
step=50, loss=0.030846506357192993
step=75, loss=0.0400923416018486
step=100, loss=0.013064492493867874
step=125, loss=0.04054774343967438
step=150, loss=0.025405943393707275
step=175, loss=0.046456821262836456
step=200, loss=0.03147401660680771
step=225, loss=0.0218668170273304
step=250, loss=0.03218545764684677
step=275, loss=0.029779579490423203
step=300, loss=0.032678913325071335
step=325, loss=0.025537917390465736
step=350, loss=0.026392467319965363
step=375, loss=0.020949004217982292
epoch=67, train_loss=0.03094261, validation_loss=0.04173330
epoch=68
step=0, loss=0.029155928641557693
step=25, loss=0.020393945276737213
step=50, loss=0.030099064111709595
step=75, loss=0.02013719454407692
step=100, loss=0.026453185826539993
step=125, loss=0.037609681487083435
step=150, loss=0.021321378648281097
step=175, loss=0.041073355823755264
step=200, loss=0.024708688259124756
step=225, loss=0.04360850900411606
step=250, loss=0.04730820655822754
step=275, loss=0.04622165858745575
step=300, loss=0.019236790016293526
step=325, loss=0.026067236438393593
step=350, loss=0.036391131579875946
step=375, loss=0.02153516188263893
epoch=68, train_loss=0.03289241, validation_loss=0.03239530
epoch=69
step=0, loss=0.03324752300977707
step=25, loss=0.03912443667650223
step=50, loss=0.028953786939382553
step=75, loss=0.03230364993214607
step=100, loss=0.044284116476774216
step=125, loss=0.031093381345272064
step=150, loss=0.03882984817028046
step=175, loss=0.02401837147772312
step=200, loss=0.027515806257724762
step=225, loss=0.01946970820426941
step=250, loss=0.02742639183998108
step=275, loss=0.03133655712008476
step=300, loss=0.02251502312719822
step=325, loss=0.03592589497566223
step=350, loss=0.03437090665102005
step=375, loss=0.020071454346179962
epoch=69, train_loss=0.03232892, validation_loss=0.02558245
Sampling...
device=device(type='cuda')
Saved 64 sample visualizations beside PosixPath('pusht_outputs/epoch_70.png')
epoch=70
step=0, loss=0.02858172170817852
step=25, loss=0.03461380675435066
step=50, loss=0.035086072981357574
step=75, loss=0.01662926748394966
step=100, loss=0.03232827037572861
step=125, loss=0.03860008716583252
step=150, loss=0.028137650340795517
step=175, loss=0.022157564759254456
step=200, loss=0.02349040098488331
step=225, loss=0.01927480660378933
step=250, loss=0.03567928820848465
step=275, loss=0.02475735917687416
step=300, loss=0.02231394499540329
step=325, loss=0.023524824529886246
step=350, loss=0.03181363642215729
step=375, loss=0.01833045482635498
epoch=70, train_loss=0.03113048, validation_loss=0.03410007
epoch=71
step=0, loss=0.024770505726337433
step=25, loss=0.03216435760259628
step=50, loss=0.035574931651353836
step=75, loss=0.03657381981611252
step=100, loss=0.0315205454826355
step=125, loss=0.02902664616703987
step=150, loss=0.02473866380751133
step=175, loss=0.02073461189866066
step=200, loss=0.04348774254322052
step=225, loss=0.019121889024972916
step=250, loss=0.028006063774228096
step=275, loss=0.027039308100938797
step=300, loss=0.03548363596200943
step=325, loss=0.029751505702733994
step=350, loss=0.01753431186079979
step=375, loss=0.02658957988023758
epoch=71, train_loss=0.03072135, validation_loss=0.04385009
epoch=72
step=0, loss=0.02252454124391079
step=25, loss=0.04026070609688759
step=50, loss=0.036332156509160995
step=75, loss=0.031006094068288803
step=100, loss=0.02191004529595375
step=125, loss=0.04724340885877609
step=150, loss=0.022951826453208923
step=175, loss=0.051227785646915436
step=200, loss=0.0334547683596611
step=225, loss=0.03182674199342728
step=250, loss=0.03359166532754898
step=275, loss=0.024617228657007217
step=300, loss=0.022506896406412125
step=325, loss=0.03480997309088707
step=350, loss=0.05277358368039131
step=375, loss=0.026101218536496162
epoch=72, train_loss=0.03216911, validation_loss=0.03424039
epoch=73
step=0, loss=0.03219933062791824
step=25, loss=0.032318115234375
step=50, loss=0.027517732232809067
step=75, loss=0.026400957256555557
step=100, loss=0.04551366716623306
step=125, loss=0.02054058387875557
step=150, loss=0.027788616716861725
step=175, loss=0.01826682686805725
step=200, loss=0.04103304445743561
step=225, loss=0.05194520950317383
step=250, loss=0.03344394266605377
step=275, loss=0.02239779382944107
step=300, loss=0.034845177084207535
step=325, loss=0.01917376182973385
step=350, loss=0.032508011907339096
step=375, loss=0.038406290113925934
epoch=73, train_loss=0.03128233, validation_loss=0.02782908
epoch=74
step=0, loss=0.029084965586662292
step=25, loss=0.019392818212509155
step=50, loss=0.02383149415254593
step=75, loss=0.037657834589481354
step=100, loss=0.03955233842134476
step=125, loss=0.026240326464176178
step=150, loss=0.03733178973197937
step=175, loss=0.04329187795519829
step=200, loss=0.03758899122476578
step=225, loss=0.052477918565273285
step=250, loss=0.018536973744630814
step=275, loss=0.03776511922478676
step=300, loss=0.014966728165745735
step=325, loss=0.030366167426109314
step=350, loss=0.03175200894474983
step=375, loss=0.023911722004413605
epoch=74, train_loss=0.03062981, validation_loss=0.03537188
Sampling...
device=device(type='cuda')
Saved 64 sample visualizations beside PosixPath('pusht_outputs/epoch_75.png')
epoch=75
step=0, loss=0.034928057342767715
step=25, loss=0.02830580621957779
step=50, loss=0.023654740303754807
step=75, loss=0.03595036268234253
step=100, loss=0.023102469742298126
step=125, loss=0.03804197162389755
step=150, loss=0.028028223663568497
step=175, loss=0.026155970990657806
step=200, loss=0.03913189470767975
step=225, loss=0.035493820905685425
step=250, loss=0.047579772770404816
step=275, loss=0.038190096616744995
step=300, loss=0.02444063499569893
step=325, loss=0.01809738576412201
step=350, loss=0.046437978744506836
step=375, loss=0.03422287851572037
epoch=75, train_loss=0.03038012, validation_loss=0.02301428
epoch=76
step=0, loss=0.02693861536681652
step=25, loss=0.029209991917014122
step=50, loss=0.026216857135295868
step=75, loss=0.019897522404789925
step=100, loss=0.02110426127910614
step=125, loss=0.023246482014656067
step=150, loss=0.017355920746922493
step=175, loss=0.0188002809882164
step=200, loss=0.017199335619807243
step=225, loss=0.03139934688806534
step=250, loss=0.039240241050720215
step=275, loss=0.021193958818912506
step=300, loss=0.031458158046007156
step=325, loss=0.023630067706108093
step=350, loss=0.040190670639276505
step=375, loss=0.019884346053004265
epoch=76, train_loss=0.03041587, validation_loss=0.03627735
epoch=77
step=0, loss=0.05263204500079155
step=25, loss=0.038615208119153976
step=50, loss=0.03801681846380234
step=75, loss=0.026044009253382683
step=100, loss=0.019854046404361725
step=125, loss=0.04257138818502426
step=150, loss=0.02905520424246788
step=175, loss=0.042843300849199295
step=200, loss=0.03161811828613281
step=225, loss=0.03803320229053497
step=250, loss=0.047147225588560104
step=275, loss=0.027110377326607704
step=300, loss=0.022620921954512596
step=325, loss=0.02747567743062973
step=350, loss=0.02892073057591915
step=375, loss=0.03459664061665535
epoch=77, train_loss=0.03033793, validation_loss=0.03335324
epoch=78
step=0, loss=0.035500138998031616
step=25, loss=0.018769778311252594
step=50, loss=0.019125107675790787
step=75, loss=0.03672752156853676
step=100, loss=0.01932612806558609
step=125, loss=0.020150087773799896
step=150, loss=0.03008892387151718
step=175, loss=0.028935832902789116
step=200, loss=0.01401290763169527
step=225, loss=0.028420567512512207
step=250, loss=0.01817595213651657
step=275, loss=0.026258260011672974
step=300, loss=0.032861411571502686
step=325, loss=0.0244976207613945
step=350, loss=0.04294058680534363
step=375, loss=0.043541572988033295
epoch=78, train_loss=0.02964273, validation_loss=0.03328338
epoch=79
step=0, loss=0.032404929399490356
step=25, loss=0.023392165079712868
step=50, loss=0.027628310024738312
step=75, loss=0.049689244478940964
step=100, loss=0.03214088827371597
step=125, loss=0.036189235746860504
step=150, loss=0.04363946244120598
step=175, loss=0.017139742150902748
step=200, loss=0.023421969264745712
step=225, loss=0.026433339342474937
step=250, loss=0.02720283716917038
step=275, loss=0.02434634044766426
step=300, loss=0.027074143290519714
step=325, loss=0.019374236464500427
step=350, loss=0.02938745729625225
step=375, loss=0.03173897787928581
epoch=79, train_loss=0.02905341, validation_loss=0.03002118
Sampling...
device=device(type='cuda')
Saved 64 sample visualizations beside PosixPath('pusht_outputs/epoch_80.png')
epoch=80
step=0, loss=0.021757230162620544
step=25, loss=0.027375981211662292
step=50, loss=0.019299661740660667
step=75, loss=0.025096245110034943
step=100, loss=0.03259933739900589
step=125, loss=0.02953939512372017
step=150, loss=0.02006600797176361
step=175, loss=0.04182807356119156
step=200, loss=0.04299546033143997
step=225, loss=0.030684437602758408
step=250, loss=0.03306399658322334
step=275, loss=0.018220312893390656
step=300, loss=0.019297542050480843
step=325, loss=0.03770655021071434
step=350, loss=0.03598971664905548
step=375, loss=0.026735804975032806
epoch=80, train_loss=0.03085536, validation_loss=0.02940221
epoch=81
step=0, loss=0.04363593831658363
step=25, loss=0.030877655372023582
step=50, loss=0.03914334252476692
step=75, loss=0.02738405577838421
step=100, loss=0.033961616456508636
step=125, loss=0.02917390502989292
step=150, loss=0.01557370088994503
step=175, loss=0.040266189724206924
step=200, loss=0.03327586501836777
step=225, loss=0.03532058745622635
step=250, loss=0.04310663044452667
step=275, loss=0.03814488649368286
step=300, loss=0.03816322237253189
step=325, loss=0.028889700770378113
step=350, loss=0.01731020212173462
step=375, loss=0.023427322506904602
epoch=81, train_loss=0.03052055, validation_loss=0.03008327
epoch=82
step=0, loss=0.016280274838209152
step=25, loss=0.033648449927568436
step=50, loss=0.0418635830283165
step=75, loss=0.025458620861172676
step=100, loss=0.031699489802122116
step=125, loss=0.023396864533424377
step=150, loss=0.029178379103541374
step=175, loss=0.04433255270123482
step=200, loss=0.03882349282503128
step=225, loss=0.03276166319847107
step=250, loss=0.03826384246349335
step=275, loss=0.01874074712395668
step=300, loss=0.04427044466137886
step=325, loss=0.014180298894643784
step=350, loss=0.02249094843864441
step=375, loss=0.02876453846693039
epoch=82, train_loss=0.02979491, validation_loss=0.03490530
epoch=83
step=0, loss=0.022411655634641647
step=25, loss=0.025241144001483917
step=50, loss=0.020212385803461075
step=75, loss=0.01777520775794983
step=100, loss=0.03035474568605423
step=125, loss=0.05289929360151291
step=150, loss=0.0443718284368515
step=175, loss=0.019228540360927582
step=200, loss=0.0414922833442688
step=225, loss=0.04735478758811951
step=250, loss=0.012637748382985592
step=275, loss=0.03463918715715408
step=300, loss=0.028054576367139816
step=325, loss=0.011734811589121819
step=350, loss=0.05435968190431595
step=375, loss=0.037270959466695786
epoch=83, train_loss=0.02950358, validation_loss=0.02007736
epoch=84
step=0, loss=0.020699525251984596
step=25, loss=0.023194830864667892
step=50, loss=0.023950770497322083
step=75, loss=0.01876112073659897
step=100, loss=0.03174590319395065
step=125, loss=0.022158607840538025
step=150, loss=0.03300245478749275
step=175, loss=0.05088686943054199
step=200, loss=0.026838360354304314
step=225, loss=0.025223921984434128
step=250, loss=0.03663133084774017
step=275, loss=0.02321767807006836
step=300, loss=0.03566913679242134
step=325, loss=0.03598514944314957
step=350, loss=0.03428032621741295
step=375, loss=0.0367114394903183
epoch=84, train_loss=0.02972838, validation_loss=0.03162258
Sampling...
device=device(type='cuda')
Saved 64 sample visualizations beside PosixPath('pusht_outputs/epoch_85.png')
epoch=85
step=0, loss=0.02418726682662964
step=25, loss=0.01828569546341896
step=50, loss=0.034523360431194305
step=75, loss=0.03242620453238487
step=100, loss=0.03624414652585983
step=125, loss=0.0441649854183197
step=150, loss=0.023421376943588257
step=175, loss=0.04029163345694542
step=200, loss=0.045373253524303436
step=225, loss=0.03254467993974686
step=250, loss=0.055744122713804245
step=275, loss=0.026492811739444733
step=300, loss=0.026373688131570816
step=325, loss=0.02123875543475151
step=350, loss=0.053425345569849014
step=375, loss=0.026331491768360138
epoch=85, train_loss=0.02987429, validation_loss=0.03253342
epoch=86
step=0, loss=0.020621735602617264
step=25, loss=0.018564028665423393
step=50, loss=0.037567414343357086
step=75, loss=0.030439194291830063
step=100, loss=0.022108234465122223
step=125, loss=0.03113313391804695
step=150, loss=0.023477839305996895
step=175, loss=0.026401856914162636
step=200, loss=0.01371908001601696
step=225, loss=0.044666580855846405
step=250, loss=0.04498187452554703
step=275, loss=0.030386995524168015
step=300, loss=0.029350068420171738
step=325, loss=0.02793142944574356
step=350, loss=0.026044556871056557
step=375, loss=0.024373764172196388
epoch=86, train_loss=0.02873470, validation_loss=0.02736939
epoch=87
step=0, loss=0.03007468208670616
step=25, loss=0.02762340009212494
step=50, loss=0.03069494105875492
step=75, loss=0.04325199872255325
step=100, loss=0.026742849498987198
step=125, loss=0.015296228229999542
step=150, loss=0.034174323081970215
step=175, loss=0.025729671120643616
step=200, loss=0.02361101098358631
step=225, loss=0.03362856060266495
step=250, loss=0.034507669508457184
step=275, loss=0.023942697793245316
step=300, loss=0.038493458181619644
step=325, loss=0.03343825042247772
step=350, loss=0.020591454580426216
step=375, loss=0.01871691271662712
epoch=87, train_loss=0.02790921, validation_loss=0.02958967
epoch=88
step=0, loss=0.03267577290534973
step=25, loss=0.03712324798107147
step=50, loss=0.04347236081957817
step=75, loss=0.029775388538837433
step=100, loss=0.03442458063364029
step=125, loss=0.04085038602352142
step=150, loss=0.03661549836397171
step=175, loss=0.04183262586593628
step=200, loss=0.025409888476133347
step=225, loss=0.01856454834342003
step=250, loss=0.024329155683517456
step=275, loss=0.029890617355704308
step=300, loss=0.032192863523960114
step=325, loss=0.018167443573474884
step=350, loss=0.05637144297361374
step=375, loss=0.026472724974155426
epoch=88, train_loss=0.02849667, validation_loss=0.02916586
epoch=89
step=0, loss=0.022360384464263916
step=25, loss=0.020450714975595474
step=50, loss=0.036391355097293854
step=75, loss=0.021349847316741943
step=100, loss=0.018149711191654205
step=125, loss=0.020129693672060966
step=150, loss=0.02231571078300476
step=175, loss=0.025426853448152542
step=200, loss=0.019376570358872414
step=225, loss=0.027694664895534515
step=250, loss=0.02354760840535164
step=275, loss=0.017382875084877014
step=300, loss=0.04189407825469971
step=325, loss=0.02298002317547798
step=350, loss=0.027314111590385437
step=375, loss=0.02389322780072689
epoch=89, train_loss=0.02783787, validation_loss=0.02654302
Sampling...
device=device(type='cuda')
Saved 64 sample visualizations beside PosixPath('pusht_outputs/epoch_90.png')
epoch=90
step=0, loss=0.018667081370949745
step=25, loss=0.02518520876765251
step=50, loss=0.021915242075920105
step=75, loss=0.02221810258924961
step=100, loss=0.024201687425374985
step=125, loss=0.03259015083312988
step=150, loss=0.041619397699832916
step=175, loss=0.025890281423926353
step=200, loss=0.05666067823767662
step=225, loss=0.013090417720377445
step=250, loss=0.024608206003904343
step=275, loss=0.027515720576047897
step=300, loss=0.021372109651565552
step=325, loss=0.035300686955451965
step=350, loss=0.028919801115989685
step=375, loss=0.022577330470085144
epoch=90, train_loss=0.02863557, validation_loss=0.03915516
epoch=91
step=0, loss=0.02913432940840721
step=25, loss=0.023697715252637863
step=50, loss=0.026450596749782562
step=75, loss=0.02662879228591919
step=100, loss=0.015932364389300346
step=125, loss=0.036480024456977844
step=150, loss=0.022802278399467468
step=175, loss=0.020396649837493896
step=200, loss=0.048445262014865875
step=225, loss=0.017873581498861313
step=250, loss=0.04477324336767197
step=275, loss=0.025790661573410034
step=300, loss=0.029972614720463753
step=325, loss=0.022936275228857994
step=350, loss=0.03101075254380703
step=375, loss=0.02148262783885002
epoch=91, train_loss=0.02830738, validation_loss=0.02478326
epoch=92
step=0, loss=0.029009446501731873
step=25, loss=0.017115339636802673
step=50, loss=0.01668766513466835
step=75, loss=0.0156930573284626
step=100, loss=0.026012152433395386
step=125, loss=0.024675704538822174
step=150, loss=0.024669144302606583
step=175, loss=0.024163275957107544
step=200, loss=0.03055507130920887
step=225, loss=0.026284174993634224
step=250, loss=0.019125204533338547
step=275, loss=0.042421452701091766
step=300, loss=0.0289162490516901
step=325, loss=0.024085523560643196
step=350, loss=0.025613265112042427
step=375, loss=0.02078321948647499
epoch=92, train_loss=0.02811823, validation_loss=0.02628681
epoch=93
step=0, loss=0.022411532700061798
step=25, loss=0.016553539782762527
step=50, loss=0.015244029462337494
step=75, loss=0.022532347589731216
step=100, loss=0.022877082228660583
step=125, loss=0.033391162753105164
step=150, loss=0.02970154583454132
step=175, loss=0.029620856046676636
step=200, loss=0.023105090484023094
step=225, loss=0.04400234669446945
step=250, loss=0.02399328351020813
step=275, loss=0.025359466671943665
step=300, loss=0.02111000567674637
step=325, loss=0.03528108447790146
step=350, loss=0.02844468131661415
step=375, loss=0.02209841087460518
epoch=93, train_loss=0.02855113, validation_loss=0.03160329
epoch=94
step=0, loss=0.0508757010102272
step=25, loss=0.0346093513071537
step=50, loss=0.027578961104154587
step=75, loss=0.020736992359161377
step=100, loss=0.01933291368186474
step=125, loss=0.036792952567338943
step=150, loss=0.01460666861385107
step=175, loss=0.036226026713848114
step=200, loss=0.022924240678548813
step=225, loss=0.01642162725329399
step=250, loss=0.013739252462983131
step=275, loss=0.02254539541900158
step=300, loss=0.0431511364877224
step=325, loss=0.04243355244398117
step=350, loss=0.011824616231024265
step=375, loss=0.04185064882040024
epoch=94, train_loss=0.02701841, validation_loss=0.02559375
Sampling...
device=device(type='cuda')
Saved 64 sample visualizations beside PosixPath('pusht_outputs/epoch_95.png')
epoch=95
step=0, loss=0.021146290004253387
step=25, loss=0.021271657198667526
step=50, loss=0.02668878063559532
step=75, loss=0.04376884549856186
step=100, loss=0.021809983998537064
step=125, loss=0.023450616747140884
step=150, loss=0.02459385246038437
step=175, loss=0.029178477823734283
step=200, loss=0.03157627582550049
step=225, loss=0.030468445271253586
step=250, loss=0.03894330933690071
step=275, loss=0.018577011302113533
step=300, loss=0.019268974661827087
step=325, loss=0.036786697804927826
step=350, loss=0.02623174525797367
step=375, loss=0.02463662251830101
epoch=95, train_loss=0.02790587, validation_loss=0.02660275
epoch=96
step=0, loss=0.026473045349121094
step=25, loss=0.021601911634206772
step=50, loss=0.0201026052236557
step=75, loss=0.06274780631065369
step=100, loss=0.04142538458108902
step=125, loss=0.015635574236512184
step=150, loss=0.02877429500222206
step=175, loss=0.0410715788602829
step=200, loss=0.02569582313299179
step=225, loss=0.027625195682048798
step=250, loss=0.028864480555057526
step=275, loss=0.020296629518270493
step=300, loss=0.02296576276421547
step=325, loss=0.042222678661346436
step=350, loss=0.02431941032409668
step=375, loss=0.036689624190330505
epoch=96, train_loss=0.02722779, validation_loss=0.04379892
epoch=97
step=0, loss=0.03867420181632042
step=25, loss=0.03925619274377823
step=50, loss=0.03702477365732193
step=75, loss=0.023965168744325638
step=100, loss=0.01968822069466114
step=125, loss=0.01680583879351616
step=150, loss=0.018544554710388184
step=175, loss=0.04564728960394859
step=200, loss=0.026397721841931343
step=225, loss=0.020166214555501938
step=250, loss=0.02113325521349907
step=275, loss=0.028806449845433235
step=300, loss=0.04956178367137909
step=325, loss=0.020726269111037254
step=350, loss=0.022029392421245575
step=375, loss=0.024608084931969643
epoch=97, train_loss=0.02728553, validation_loss=0.04408577
epoch=98
step=0, loss=0.01905878074467182
step=25, loss=0.01835406757891178
step=50, loss=0.034591443836688995
step=75, loss=0.049051202833652496
step=100, loss=0.016673371195793152
step=125, loss=0.03133019804954529
step=150, loss=0.022432569414377213
step=175, loss=0.023802272975444794
step=200, loss=0.03418254852294922
step=225, loss=0.019337520003318787
step=250, loss=0.01737872138619423
step=275, loss=0.019070059061050415
step=300, loss=0.014141621068120003
step=325, loss=0.020833823829889297
step=350, loss=0.015691857784986496
step=375, loss=0.016947824507951736
epoch=98, train_loss=0.02724249, validation_loss=0.03141212
epoch=99
step=0, loss=0.01613464392721653
step=25, loss=0.019706809893250465
step=50, loss=0.023768208920955658
step=75, loss=0.014290230348706245
step=100, loss=0.026651140302419662
step=125, loss=0.02968575246632099
step=150, loss=0.02463461644947529
step=175, loss=0.026604406535625458
step=200, loss=0.03099302016198635
step=225, loss=0.025847163051366806
step=250, loss=0.02818278595805168
step=275, loss=0.02379440888762474
step=300, loss=0.014470749534666538
step=325, loss=0.02449292317032814
step=350, loss=0.02178824134171009
step=375, loss=0.025021541863679886
epoch=99, train_loss=0.02632433, validation_loss=0.02461001
Sampling...
device=device(type='cuda')
Saved 64 sample visualizations beside PosixPath('pusht_outputs/epoch_100.png')
epoch=100
step=0, loss=0.02446155995130539
step=25, loss=0.019808610901236534
step=50, loss=0.024448532611131668
step=75, loss=0.018968379124999046
step=100, loss=0.028970398008823395
step=125, loss=0.030284084379673004
step=150, loss=0.0330045260488987
step=175, loss=0.024831019341945648
step=200, loss=0.019069768488407135
step=225, loss=0.042075157165527344
step=250, loss=0.03809164837002754
step=275, loss=0.022058779373764992
step=300, loss=0.022134676575660706
step=325, loss=0.04806675761938095
step=350, loss=0.027981044724583626
step=375, loss=0.022008879110217094
epoch=100, train_loss=0.02640621, validation_loss=0.06078298
epoch=101
step=0, loss=0.04209060221910477
step=25, loss=0.027048682793974876
step=50, loss=0.04094408079981804
step=75, loss=0.03756584972143173
step=100, loss=0.02044839970767498
step=125, loss=0.03154092654585838
step=150, loss=0.010932954028248787
step=175, loss=0.03290192037820816
step=200, loss=0.0272100567817688
step=225, loss=0.017523586750030518
step=250, loss=0.0312154833227396
step=275, loss=0.038361869752407074
step=300, loss=0.02778499945998192
step=325, loss=0.021406281739473343
step=350, loss=0.021170474588871002
step=375, loss=0.013996060006320477
epoch=101, train_loss=0.03001568, validation_loss=0.03347773
epoch=102
step=0, loss=0.018707532435655594
step=25, loss=0.027849281206727028
step=50, loss=0.022582411766052246
step=75, loss=0.06481947004795074
step=100, loss=0.02261275053024292
step=125, loss=0.018154224380850792
step=150, loss=0.019526289775967598
step=175, loss=0.023330677300691605
step=200, loss=0.019996294751763344
step=225, loss=0.023771505802869797
step=250, loss=0.023906037211418152
step=275, loss=0.026909496635198593
step=300, loss=0.04392561689019203
step=325, loss=0.01611250452697277
step=350, loss=0.03193100914359093
step=375, loss=0.021205151453614235
epoch=102, train_loss=0.02611611, validation_loss=0.02344659
epoch=103
step=0, loss=0.02038584277033806
step=25, loss=0.020298147574067116
step=50, loss=0.020897453650832176
step=75, loss=0.017029110342264175
step=100, loss=0.04272881895303726
step=125, loss=0.024579577147960663
step=150, loss=0.04549453407526016
step=175, loss=0.022771410644054413
step=200, loss=0.026457125321030617
step=225, loss=0.022699585184454918
step=250, loss=0.025599269196391106
step=275, loss=0.024710427969694138
step=300, loss=0.05590418726205826
step=325, loss=0.020895015448331833
step=350, loss=0.0310666561126709
step=375, loss=0.030592922121286392
epoch=103, train_loss=0.02633643, validation_loss=0.02692908
epoch=104
step=0, loss=0.02769174985587597
step=25, loss=0.03874222934246063
step=50, loss=0.023740146309137344
step=75, loss=0.017429806292057037
step=100, loss=0.018876871094107628
step=125, loss=0.03544900566339493
step=150, loss=0.034209709614515305
step=175, loss=0.052956949919462204
step=200, loss=0.03413162752985954
step=225, loss=0.032238222658634186
step=250, loss=0.021734576672315598
step=275, loss=0.026581011712551117
step=300, loss=0.03573901578783989
step=325, loss=0.05145453289151192
step=350, loss=0.020021727308630943
step=375, loss=0.04029823839664459
epoch=104, train_loss=0.02813217, validation_loss=0.08126807
Sampling...
device=device(type='cuda')
Saved 64 sample visualizations beside PosixPath('pusht_outputs/epoch_105.png')
epoch=105
step=0, loss=0.04993585869669914
step=25, loss=0.0741167962551117
step=50, loss=0.04571887478232384
step=75, loss=0.0465124249458313
step=100, loss=0.03553862124681473
step=125, loss=0.04558848589658737
step=150, loss=0.021254543215036392
step=175, loss=0.033641036599874496
step=200, loss=0.013846887275576591
step=225, loss=0.0497453436255455
step=250, loss=0.03706418722867966
step=275, loss=0.034256771206855774
step=300, loss=0.02933928556740284
step=325, loss=0.05621218681335449
step=350, loss=0.015112347900867462
step=375, loss=0.029611770063638687
epoch=105, train_loss=0.03378407, validation_loss=0.03174443
epoch=106
step=0, loss=0.032019734382629395
step=25, loss=0.021733857691287994
step=50, loss=0.036557190120220184
step=75, loss=0.024055296555161476
step=100, loss=0.03236299008131027
step=125, loss=0.027911722660064697
step=150, loss=0.02584865503013134
step=175, loss=0.014038534834980965
step=200, loss=0.02353391982614994
step=225, loss=0.0210425965487957
step=250, loss=0.02087286114692688
step=275, loss=0.020399723201990128
step=300, loss=0.02071327716112137
step=325, loss=0.01842881366610527
step=350, loss=0.02777339518070221
step=375, loss=0.017060091719031334
epoch=106, train_loss=0.02633015, validation_loss=0.02680461
epoch=107
step=0, loss=0.03828287124633789
step=25, loss=0.028165049850940704
step=50, loss=0.0224600862711668
step=75, loss=0.023909293115139008
step=100, loss=0.03242857754230499
step=125, loss=0.025914322584867477
step=150, loss=0.018681280314922333
step=175, loss=0.020564299076795578
step=200, loss=0.02064543217420578
step=225, loss=0.014441484585404396
step=250, loss=0.03627398610115051
step=275, loss=0.02715074084699154
step=300, loss=0.023771949112415314
step=325, loss=0.01681237667798996
step=350, loss=0.015453193336725235
step=375, loss=0.01939026266336441
epoch=107, train_loss=0.02607371, validation_loss=0.02586684
epoch=108
step=0, loss=0.021004077047109604
step=25, loss=0.026216134428977966
step=50, loss=0.019705310463905334
step=75, loss=0.028327278792858124
step=100, loss=0.013772236183285713
step=125, loss=0.016955193132162094
step=150, loss=0.024920586496591568
step=175, loss=0.03331315517425537
step=200, loss=0.02224498614668846
step=225, loss=0.03340241312980652
step=250, loss=0.01659027487039566
step=275, loss=0.03060983493924141
step=300, loss=0.026712264865636826
step=325, loss=0.014687036164104939
step=350, loss=0.03319191932678223
step=375, loss=0.02120399661362171
epoch=108, train_loss=0.02588280, validation_loss=0.02834801
epoch=109
step=0, loss=0.023353571072220802
step=25, loss=0.02075561136007309
step=50, loss=0.03751450031995773
step=75, loss=0.03555801883339882
step=100, loss=0.015087295323610306
step=125, loss=0.0196579210460186
step=150, loss=0.02154782973229885
step=175, loss=0.022832363843917847
step=200, loss=0.024075668305158615
step=225, loss=0.03574013337492943
step=250, loss=0.03298487514257431
step=275, loss=0.027174264192581177
step=300, loss=0.01672942005097866
step=325, loss=0.0386432446539402
step=350, loss=0.03538589924573898
step=375, loss=0.02299528755247593
epoch=109, train_loss=0.02497694, validation_loss=0.02498304
Sampling...
device=device(type='cuda')
Saved 64 sample visualizations beside PosixPath('pusht_outputs/epoch_110.png')
epoch=110
step=0, loss=0.03063451685011387
step=25, loss=0.010918165557086468
step=50, loss=0.027459625154733658
step=75, loss=0.022498030215501785
step=100, loss=0.018658526241779327
step=125, loss=0.01674789935350418
step=150, loss=0.018757114186882973
step=175, loss=0.023179303854703903
step=200, loss=0.011824408546090126
step=225, loss=0.015247518196702003
step=250, loss=0.018925311043858528
step=275, loss=0.03503352031111717
step=300, loss=0.013852307572960854
step=325, loss=0.0298609621822834
step=350, loss=0.025032129138708115
step=375, loss=0.023761820048093796
epoch=110, train_loss=0.02620142, validation_loss=0.03812836
epoch=111
step=0, loss=0.031428128480911255
step=25, loss=0.052172787487506866
step=50, loss=0.022651277482509613
step=75, loss=0.024702927097678185
step=100, loss=0.01407539565116167
step=125, loss=0.04220452904701233
step=150, loss=0.012954095378518105
step=175, loss=0.02174975909292698
step=200, loss=0.015238183550536633
step=225, loss=0.013039644807577133
step=250, loss=0.03570140153169632
step=275, loss=0.039354681968688965
step=300, loss=0.02306702733039856
step=325, loss=0.039769433438777924
step=350, loss=0.018485141918063164
step=375, loss=0.01685250736773014
epoch=111, train_loss=0.02463247, validation_loss=0.03791766
epoch=112
step=0, loss=0.04743754118680954
step=25, loss=0.03402248024940491
step=50, loss=0.02987721376121044
step=75, loss=0.03181283175945282
step=100, loss=0.009858721867203712
step=125, loss=0.021235592663288116
step=150, loss=0.026677358895540237
step=175, loss=0.017847508192062378
step=200, loss=0.01670135371387005
step=225, loss=0.017300289124250412
step=250, loss=0.01389319822192192
step=275, loss=0.011115562170743942
step=300, loss=0.02752603217959404
step=325, loss=0.03501652926206589
step=350, loss=0.016322311013936996
step=375, loss=0.012545609846711159
epoch=112, train_loss=0.02531787, validation_loss=0.09286956
epoch=113
step=0, loss=0.0923324003815651
step=25, loss=0.05940540134906769
step=50, loss=0.02993328496813774
step=75, loss=0.04891820251941681
step=100, loss=0.03743883967399597
step=125, loss=0.020944753661751747
step=150, loss=0.014234356582164764
step=175, loss=0.04560862481594086
step=200, loss=0.028337016701698303
step=225, loss=0.04512669891119003
step=250, loss=0.02050190418958664
step=275, loss=0.040750518441200256
step=300, loss=0.023357030004262924
step=325, loss=0.030523698776960373
step=350, loss=0.03312237933278084
step=375, loss=0.028499124571681023
epoch=113, train_loss=0.03057469, validation_loss=0.03869263
epoch=114
step=0, loss=0.024951409548521042
step=25, loss=0.04391401633620262
step=50, loss=0.03293445706367493
step=75, loss=0.020112698897719383
step=100, loss=0.03200475126504898
step=125, loss=0.02575099840760231
step=150, loss=0.03013431467115879
step=175, loss=0.0320785716176033
step=200, loss=0.028615161776542664
step=225, loss=0.020211651921272278
step=250, loss=0.04082595929503441
step=275, loss=0.012897735461592674
step=300, loss=0.016152087599039078
step=325, loss=0.047096725553274155
step=350, loss=0.018193140625953674
step=375, loss=0.027996305376291275
epoch=114, train_loss=0.02873966, validation_loss=0.03180528
Sampling...
device=device(type='cuda')
Saved 64 sample visualizations beside PosixPath('pusht_outputs/epoch_115.png')
epoch=115
step=0, loss=0.013453440740704536
step=25, loss=0.043888673186302185
step=50, loss=0.012569226324558258
step=75, loss=0.03389311581850052
step=100, loss=0.019852757453918457
step=125, loss=0.01421517226845026
step=150, loss=0.03855424001812935
step=175, loss=0.024366334080696106
step=200, loss=0.028117362409830093
step=225, loss=0.04557575285434723
step=250, loss=0.032223328948020935
step=275, loss=0.03155191242694855
step=300, loss=0.032850585877895355
step=325, loss=0.01934535801410675
step=350, loss=0.015688955783843994
step=375, loss=0.0300349909812212
epoch=115, train_loss=0.02662347, validation_loss=0.03000633
epoch=116
step=0, loss=0.016922861337661743
step=25, loss=0.0181473046541214
step=50, loss=0.021502787247300148
step=75, loss=0.015455035492777824
step=100, loss=0.042901866137981415
step=125, loss=0.027781836688518524
step=150, loss=0.05511857569217682
step=175, loss=0.012517926283180714
step=200, loss=0.020768750458955765
step=225, loss=0.014210393652319908
step=250, loss=0.014181475155055523
step=275, loss=0.02684706449508667
step=300, loss=0.021271927282214165
step=325, loss=0.0206090547144413
step=350, loss=0.022092361003160477
step=375, loss=0.024809543043375015
epoch=116, train_loss=0.02568029, validation_loss=0.02938906
epoch=117
step=0, loss=0.019227415323257446
step=25, loss=0.027871480211615562
step=50, loss=0.030303440988063812
step=75, loss=0.040206022560596466
step=100, loss=0.022867441177368164
step=125, loss=0.02736058458685875
step=150, loss=0.01842084713280201
step=175, loss=0.025347702205181122
step=200, loss=0.024495597928762436
step=225, loss=0.02587866224348545
step=250, loss=0.02133134752511978
step=275, loss=0.026299219578504562
step=300, loss=0.030980203300714493
step=325, loss=0.02571067586541176
step=350, loss=0.030299151316285133
step=375, loss=0.009718555957078934
epoch=117, train_loss=0.02439294, validation_loss=0.02574570
epoch=118
step=0, loss=0.03136599808931351
step=25, loss=0.04233480617403984
step=50, loss=0.03044094145298004
step=75, loss=0.026354875415563583
step=100, loss=0.013483789749443531
step=125, loss=0.03730931878089905
step=150, loss=0.02791067212820053
step=175, loss=0.02869659662246704
step=200, loss=0.022300032898783684
step=225, loss=0.012885989621281624
step=250, loss=0.0120657067745924
step=275, loss=0.02457234635949135
step=300, loss=0.015537760220468044
step=325, loss=0.016007836908102036
step=350, loss=0.016805656254291534
step=375, loss=0.02964898943901062
epoch=118, train_loss=0.02365954, validation_loss=0.03549211
epoch=119
step=0, loss=0.020300978794693947
step=25, loss=0.017292629927396774
step=50, loss=0.03038589283823967
step=75, loss=0.021442564204335213
step=100, loss=0.016713421791791916
step=125, loss=0.01998758688569069
step=150, loss=0.01971859484910965
step=175, loss=0.013871032744646072
step=200, loss=0.02358563430607319
step=225, loss=0.01818631961941719
step=250, loss=0.023204952478408813
step=275, loss=0.023640263825654984
step=300, loss=0.021156277507543564
step=325, loss=0.027062125504016876
step=350, loss=0.025322597473859787
step=375, loss=0.03198094293475151
epoch=119, train_loss=0.02466590, validation_loss=0.03792391
Sampling...
device=device(type='cuda')
Saved 64 sample visualizations beside PosixPath('pusht_outputs/epoch_120.png')
epoch=120
step=0, loss=0.02520671859383583
step=25, loss=0.041544362902641296
step=50, loss=0.019277557730674744
step=75, loss=0.02801373600959778
step=100, loss=0.02578171342611313
step=125, loss=0.019137302413582802
step=150, loss=0.013182949274778366
step=175, loss=0.023274239152669907
step=200, loss=0.025836564600467682
step=225, loss=0.017771821469068527
step=250, loss=0.009325371123850346
step=275, loss=0.014241165481507778
step=300, loss=0.030665909871459007
step=325, loss=0.009161943569779396
step=350, loss=0.023434562608599663
step=375, loss=0.0194363035261631
epoch=120, train_loss=0.02299009, validation_loss=0.04172378
epoch=121
step=0, loss=0.023372752591967583
step=25, loss=0.03897111862897873
step=50, loss=0.02428397536277771
step=75, loss=0.026411257684230804
step=100, loss=0.02577996626496315
step=125, loss=0.0353727862238884
step=150, loss=0.01809876039624214
step=175, loss=0.017411375418305397
step=200, loss=0.021164074540138245
step=225, loss=0.01809428259730339
step=250, loss=0.0184764564037323
step=275, loss=0.013837764970958233
step=300, loss=0.02847771905362606
step=325, loss=0.025563504546880722
step=350, loss=0.024124128744006157
step=375, loss=0.024692650884389877
epoch=121, train_loss=0.02896578, validation_loss=0.02530828
epoch=122
step=0, loss=0.0160081684589386
step=25, loss=0.026223259046673775
step=50, loss=0.022762756794691086
step=75, loss=0.02330835722386837
step=100, loss=0.027113933116197586
step=125, loss=0.015759360045194626
step=150, loss=0.02994609996676445
step=175, loss=0.043397754430770874
step=200, loss=0.02444332279264927
step=225, loss=0.0278281569480896
step=250, loss=0.03270760178565979
step=275, loss=0.02110506035387516
step=300, loss=0.013858110643923283
step=325, loss=0.02193809300661087
step=350, loss=0.015023176558315754
step=375, loss=0.019005391746759415
epoch=122, train_loss=0.02436412, validation_loss=0.04286699
epoch=123
step=0, loss=0.031227491796016693
step=25, loss=0.02959572896361351
step=50, loss=0.024378713220357895
step=75, loss=0.020181477069854736
step=100, loss=0.02332468330860138
step=125, loss=0.01157251838594675
step=150, loss=0.01785835064947605
step=175, loss=0.04118792712688446
step=200, loss=0.029110869392752647
step=225, loss=0.025006067007780075
step=250, loss=0.009440491907298565
step=275, loss=0.03892314061522484
step=300, loss=0.011826133355498314
step=325, loss=0.049870457500219345
step=350, loss=0.01521054282784462
step=375, loss=0.042287860065698624
epoch=123, train_loss=0.02576141, validation_loss=0.02825128
epoch=124
step=0, loss=0.025085842236876488
step=25, loss=0.028470024466514587
step=50, loss=0.01730477809906006
step=75, loss=0.03157861903309822
step=100, loss=0.02445267140865326
step=125, loss=0.023159880191087723
step=150, loss=0.022092513740062714
step=175, loss=0.025432351976633072
step=200, loss=0.02107303962111473
step=225, loss=0.016227444633841515
step=250, loss=0.02096458338201046
step=275, loss=0.016719559207558632
step=300, loss=0.0167381688952446
step=325, loss=0.009642811492085457
step=350, loss=0.014545422047376633
step=375, loss=0.031939685344696045
epoch=124, train_loss=0.02326462, validation_loss=0.02558574
Sampling...
device=device(type='cuda')
Saved 64 sample visualizations beside PosixPath('pusht_outputs/epoch_125.png')
epoch=125
step=0, loss=0.04120602458715439
step=25, loss=0.020736906677484512
step=50, loss=0.026826802641153336
step=75, loss=0.03192606195807457
step=100, loss=0.037536539137363434
step=125, loss=0.023058854043483734
step=150, loss=0.019629359245300293
step=175, loss=0.0371725857257843
step=200, loss=0.03494679182767868
step=225, loss=0.02645270898938179
step=250, loss=0.023647893220186234
step=275, loss=0.017312226817011833
step=300, loss=0.014001361094415188
step=325, loss=0.016548924148082733
step=350, loss=0.021235886961221695
step=375, loss=0.02564815990626812
epoch=125, train_loss=0.02365382, validation_loss=0.03352100
epoch=126
step=0, loss=0.04473867639899254
step=25, loss=0.048125021159648895
step=50, loss=0.041541099548339844
step=75, loss=0.031482014805078506
step=100, loss=0.04260794073343277
step=125, loss=0.02063758671283722
step=150, loss=0.03370152413845062
step=175, loss=0.027991600334644318
step=200, loss=0.04185553640127182
step=225, loss=0.01514054462313652
step=250, loss=0.014803187921643257
step=275, loss=0.017794128507375717
step=300, loss=0.0278874970972538
step=325, loss=0.018950223922729492
step=350, loss=0.01618385501205921
step=375, loss=0.030394433066248894
epoch=126, train_loss=0.02876174, validation_loss=0.06018164
epoch=127
step=0, loss=0.047660261392593384
step=25, loss=0.028000935912132263
step=50, loss=0.026929302141070366
step=75, loss=0.03178005293011665
step=100, loss=0.03452420234680176
step=125, loss=0.015994004905223846
step=150, loss=0.017570974305272102
step=175, loss=0.027863511815667152
step=200, loss=0.026581134647130966
step=225, loss=0.04454848915338516
step=250, loss=0.03350069373846054
step=275, loss=0.015971757471561432
step=300, loss=0.013082923367619514
step=325, loss=0.01938161812722683
step=350, loss=0.017956901341676712
step=375, loss=0.027176782488822937
epoch=127, train_loss=0.02983823, validation_loss=0.02962081
epoch=128
step=0, loss=0.029722437262535095
step=25, loss=0.05659194663167
step=50, loss=0.03879912197589874
step=75, loss=0.025065049529075623
step=100, loss=0.023423925042152405
step=125, loss=0.017606284469366074
step=150, loss=0.032509054988622665
step=175, loss=0.025567561388015747
step=200, loss=0.018279166892170906
step=225, loss=0.025665458291769028
step=250, loss=0.02403094246983528
step=275, loss=0.013890603557229042
step=300, loss=0.039313800632953644
step=325, loss=0.014323378913104534
step=350, loss=0.018432818353176117
step=375, loss=0.023860692977905273
epoch=128, train_loss=0.02766783, validation_loss=0.02674778
epoch=129
step=0, loss=0.00976377259939909
step=25, loss=0.024215081706643105
step=50, loss=0.01965172588825226
step=75, loss=0.022628307342529297
step=100, loss=0.029025791212916374
step=125, loss=0.034924764186143875
step=150, loss=0.032754186540842056
step=175, loss=0.017246488481760025
step=200, loss=0.024340417236089706
step=225, loss=0.0393504723906517
step=250, loss=0.013915024697780609
step=275, loss=0.010238945484161377
step=300, loss=0.02769896760582924
step=325, loss=0.03844783455133438
step=350, loss=0.023298829793930054
step=375, loss=0.025843104347586632
epoch=129, train_loss=0.02375015, validation_loss=0.02480245
Sampling...
device=device(type='cuda')
Saved 64 sample visualizations beside PosixPath('pusht_outputs/epoch_130.png')
epoch=130
step=0, loss=0.028146842494606972
step=25, loss=0.012361051514744759
step=50, loss=0.01670377515256405
step=75, loss=0.028199568390846252
step=100, loss=0.018447477370500565
step=125, loss=0.014598486945033073
step=150, loss=0.012434094212949276
step=175, loss=0.015062587335705757
step=200, loss=0.01451916340738535
step=225, loss=0.024739956483244896
step=250, loss=0.012523124925792217
step=275, loss=0.01787656918168068
step=300, loss=0.02072598785161972
step=325, loss=0.0221596397459507
step=350, loss=0.02429218962788582
step=375, loss=0.02608701027929783
epoch=130, train_loss=0.02320927, validation_loss=0.03414172
epoch=131
step=0, loss=0.015285279601812363
step=25, loss=0.02632797695696354
step=50, loss=0.0233444944024086
step=75, loss=0.017049919813871384
step=100, loss=0.014009582810103893
step=125, loss=0.03098324127495289
step=150, loss=0.0248958058655262
step=175, loss=0.014943213202059269
step=200, loss=0.021676627919077873
step=225, loss=0.03132125735282898
step=250, loss=0.019271932542324066
step=275, loss=0.029875488951802254
step=300, loss=0.039995476603507996
step=325, loss=0.02078511193394661
step=350, loss=0.023197218775749207
step=375, loss=0.021654531359672546
epoch=131, train_loss=0.02254563, validation_loss=0.02281462
epoch=132
step=0, loss=0.02307068556547165
step=25, loss=0.018972080200910568
step=50, loss=0.05170471966266632
step=75, loss=0.03348542004823685
step=100, loss=0.028996821492910385
step=125, loss=0.013215843588113785
step=150, loss=0.010770140215754509
step=175, loss=0.012518875300884247
step=200, loss=0.017377153038978577
step=225, loss=0.027786200866103172
step=250, loss=0.019409313797950745
step=275, loss=0.02504723332822323
step=300, loss=0.025108907371759415
step=325, loss=0.013014666736125946
step=350, loss=0.0339735671877861
step=375, loss=0.01946171000599861
epoch=132, train_loss=0.02376194, validation_loss=0.03513018
epoch=133
step=0, loss=0.036128561943769455
step=25, loss=0.033302340656518936
step=50, loss=0.022098757326602936
step=75, loss=0.028998862951993942
step=100, loss=0.02789834514260292
step=125, loss=0.01413996983319521
step=150, loss=0.01655825600028038
step=175, loss=0.025183523073792458
step=200, loss=0.025295384228229523
step=225, loss=0.020313477143645287
step=250, loss=0.02422594651579857
step=275, loss=0.026108302175998688
step=300, loss=0.017606442794203758
step=325, loss=0.01881130039691925
step=350, loss=0.016754088923335075
step=375, loss=0.020866507664322853
epoch=133, train_loss=0.02434593, validation_loss=0.03225866
epoch=134
step=0, loss=0.02066369168460369
step=25, loss=0.019644469022750854
step=50, loss=0.025082755833864212
step=75, loss=0.03221520408987999
step=100, loss=0.014905907213687897
step=125, loss=0.029840359464287758
step=150, loss=0.011065460741519928
step=175, loss=0.017652280628681183
step=200, loss=0.017702721059322357
step=225, loss=0.013717444613575935
step=250, loss=0.023563172668218613
step=275, loss=0.027052924036979675
step=300, loss=0.03341683745384216
step=325, loss=0.031007617712020874
step=350, loss=0.023635514080524445
step=375, loss=0.023065343499183655
epoch=134, train_loss=0.02302009, validation_loss=0.02688623
Sampling...
device=device(type='cuda')
Saved 64 sample visualizations beside PosixPath('pusht_outputs/epoch_135.png')
epoch=135
step=0, loss=0.02252373844385147
step=25, loss=0.01578846573829651
step=50, loss=0.028361547738313675
step=75, loss=0.03477343171834946
step=100, loss=0.023491721600294113
step=125, loss=0.02118663117289543
step=150, loss=0.032330237329006195
step=175, loss=0.03378581628203392
step=200, loss=0.021327588707208633
step=225, loss=0.015198491513729095
step=250, loss=0.03457540273666382
step=275, loss=0.022666241973638535
step=300, loss=0.019960012286901474
step=325, loss=0.02036728709936142
step=350, loss=0.033154428005218506
step=375, loss=0.014246145263314247
epoch=135, train_loss=0.02293084, validation_loss=0.02609964
epoch=136
step=0, loss=0.029743805527687073
step=25, loss=0.025189146399497986
step=50, loss=0.05253975838422775
step=75, loss=0.019225168973207474
step=100, loss=0.019297130405902863
step=125, loss=0.03896452113986015
step=150, loss=0.022440209984779358
step=175, loss=0.011039355769753456
step=200, loss=0.016946783289313316
step=225, loss=0.029265902936458588
step=250, loss=0.019919835031032562
step=275, loss=0.02069300226867199
step=300, loss=0.035884879529476166
step=325, loss=0.015645738691091537
step=350, loss=0.015207667835056782
step=375, loss=0.026503264904022217
epoch=136, train_loss=0.02265403, validation_loss=0.02744214
epoch=137
step=0, loss=0.03507788106799126
step=25, loss=0.01654595509171486
step=50, loss=0.015727747231721878
step=75, loss=0.017281856387853622
step=100, loss=0.026816528290510178
step=125, loss=0.015050400979816914
step=150, loss=0.03310505300760269
step=175, loss=0.012111317366361618
step=200, loss=0.019976183772087097
step=225, loss=0.0189987700432539
step=250, loss=0.018729623407125473
step=275, loss=0.029060835018754005
step=300, loss=0.023736819624900818
step=325, loss=0.019195307046175003
step=350, loss=0.026285221800208092
step=375, loss=0.012448800727725029
epoch=137, train_loss=0.02323841, validation_loss=0.02250406
epoch=138
step=0, loss=0.031039509922266006
step=25, loss=0.03333684056997299
step=50, loss=0.008351374417543411
step=75, loss=0.026531457901000977
step=100, loss=0.015720654278993607
step=125, loss=0.017348513007164
step=150, loss=0.02003653347492218
step=175, loss=0.03918055444955826
step=200, loss=0.01773737743496895
step=225, loss=0.019315503537654877
step=250, loss=0.024059925228357315
step=275, loss=0.016992388293147087
step=300, loss=0.021561583504080772
step=325, loss=0.02263360284268856
step=350, loss=0.024511931464076042
step=375, loss=0.03258513659238815
epoch=138, train_loss=0.02244092, validation_loss=0.03044672
epoch=139
step=0, loss=0.011348017491400242
step=25, loss=0.027985945343971252
step=50, loss=0.015305577777326107
step=75, loss=0.0234125554561615
step=100, loss=0.029757468029856682
step=125, loss=0.040019188076257706
step=150, loss=0.019957177340984344
step=175, loss=0.01059647649526596
step=200, loss=0.01241385005414486
step=225, loss=0.019209224730730057
step=250, loss=0.022817157208919525
step=275, loss=0.012442386709153652
step=300, loss=0.035301946103572845
step=325, loss=0.023482320830225945
step=350, loss=0.044370636343955994
step=375, loss=0.027125271037220955
epoch=139, train_loss=0.02224717, validation_loss=0.02785538
Sampling...
device=device(type='cuda')
Saved 64 sample visualizations beside PosixPath('pusht_outputs/epoch_140.png')
epoch=140
step=0, loss=0.01221210602670908
step=25, loss=0.02831375226378441
step=50, loss=0.014376246370375156
step=75, loss=0.020689567551016808
step=100, loss=0.0206487737596035
step=125, loss=0.018262797966599464
step=150, loss=0.010200741700828075
step=175, loss=0.04801022261381149
step=200, loss=0.02938361093401909
step=225, loss=0.01642756164073944
step=250, loss=0.01936960406601429
step=275, loss=0.045987047255039215
step=300, loss=0.015113651752471924
step=325, loss=0.011472951620817184
step=350, loss=0.030702434480190277
step=375, loss=0.01869262382388115
epoch=140, train_loss=0.02271022, validation_loss=0.02973571
epoch=141
step=0, loss=0.03386003151535988
step=25, loss=0.016060438007116318
step=50, loss=0.014808371663093567
step=75, loss=0.022999871522188187
step=100, loss=0.011562550440430641
step=125, loss=0.022846296429634094
step=150, loss=0.0280263964086771
step=175, loss=0.023892993107438087
step=200, loss=0.03353244438767433
step=225, loss=0.0170684102922678
step=250, loss=0.03185980021953583
step=275, loss=0.027362152934074402
step=300, loss=0.018183350563049316
step=325, loss=0.023091750219464302
step=350, loss=0.023904455825686455
step=375, loss=0.025667300447821617
epoch=141, train_loss=0.02318136, validation_loss=0.02757834
epoch=142
step=0, loss=0.03307722508907318
step=25, loss=0.015983372926712036
step=50, loss=0.01467288751155138
step=75, loss=0.016549784690141678
step=100, loss=0.026408899575471878
step=125, loss=0.009869102388620377
step=150, loss=0.013124395161867142
step=175, loss=0.016908545047044754
step=200, loss=0.027824021875858307
step=225, loss=0.026644451543688774
step=250, loss=0.014280534349381924
step=275, loss=0.013607893139123917
step=300, loss=0.019961291924118996
step=325, loss=0.020229818299412727
step=350, loss=0.015668826177716255
step=375, loss=0.01308191567659378
epoch=142, train_loss=0.02199332, validation_loss=0.02972229
epoch=143
step=0, loss=0.009488735347986221
step=25, loss=0.010069798678159714
step=50, loss=0.015471551567316055
step=75, loss=0.013038676232099533
step=100, loss=0.0250081904232502
step=125, loss=0.01825794391334057
step=150, loss=0.022275904193520546
step=175, loss=0.015689076855778694
step=200, loss=0.016684100031852722
step=225, loss=0.028571322560310364
step=250, loss=0.020814256742596626
step=275, loss=0.019142158329486847
step=300, loss=0.011555860750377178
step=325, loss=0.015985727310180664
step=350, loss=0.01388437207788229
step=375, loss=0.032676760107278824
epoch=143, train_loss=0.02193034, validation_loss=0.03201614
epoch=144
step=0, loss=0.01506282389163971
step=25, loss=0.02330617606639862
step=50, loss=0.015058226883411407
step=75, loss=0.01698664389550686
step=100, loss=0.015768859535455704
step=125, loss=0.021700352430343628
step=150, loss=0.02800457552075386
step=175, loss=0.02752930484712124
step=200, loss=0.017601095139980316
step=225, loss=0.027066625654697418
step=250, loss=0.00997400376945734
step=275, loss=0.016115035861730576
step=300, loss=0.030441369861364365
step=325, loss=0.026036694645881653
step=350, loss=0.02594132348895073
step=375, loss=0.019165808334946632
epoch=144, train_loss=0.02184519, validation_loss=0.02485684
Sampling...
device=device(type='cuda')
Saved 64 sample visualizations beside PosixPath('pusht_outputs/epoch_145.png')
epoch=145
step=0, loss=0.01379374973475933
step=25, loss=0.013540977612137794
step=50, loss=0.016454534605145454
step=75, loss=0.013956249691545963
step=100, loss=0.025600658729672432
step=125, loss=0.0628356784582138
step=150, loss=0.028445731848478317
step=175, loss=0.019719980657100677
step=200, loss=0.010287756100296974
step=225, loss=0.01896168664097786
step=250, loss=0.017499249428510666
step=275, loss=0.029288826510310173
step=300, loss=0.019485363736748695
step=325, loss=0.01754077523946762
step=350, loss=0.03237064182758331
step=375, loss=0.01676202192902565
epoch=145, train_loss=0.02203149, validation_loss=0.02765260
epoch=146
step=0, loss=0.022703800350427628
step=25, loss=0.015037551522254944
step=50, loss=0.00883482489734888
step=75, loss=0.01282607764005661
step=100, loss=0.027614781633019447
step=125, loss=0.026940884068608284
step=150, loss=0.03262227773666382
step=175, loss=0.020974401384592056
step=200, loss=0.014143956825137138
step=225, loss=0.028133084997534752
step=250, loss=0.014440847560763359
step=275, loss=0.018422678112983704
step=300, loss=0.013910260051488876
step=325, loss=0.032984208315610886
step=350, loss=0.026921004056930542
step=375, loss=0.009239055216312408
epoch=146, train_loss=0.02102893, validation_loss=0.02259322
epoch=147
step=0, loss=0.0130402110517025
step=25, loss=0.014921500347554684
step=50, loss=0.019352465867996216
step=75, loss=0.041856855154037476
step=100, loss=0.013418455608189106
step=125, loss=0.02215980738401413
step=150, loss=0.019084423780441284
step=175, loss=0.012581702321767807
step=200, loss=0.012744111940264702
step=225, loss=0.020097535103559494
step=250, loss=0.01888432726264
step=275, loss=0.047283023595809937
step=300, loss=0.01993383653461933
step=325, loss=0.024771980941295624
step=350, loss=0.016361990943551064
step=375, loss=0.03556879609823227
epoch=147, train_loss=0.02162097, validation_loss=0.03493335
epoch=148
step=0, loss=0.026033982634544373
step=25, loss=0.036809541285037994
step=50, loss=0.02362961694598198
step=75, loss=0.019991634413599968
step=100, loss=0.029644135385751724
step=125, loss=0.028642475605010986
step=150, loss=0.008735802955925465
step=175, loss=0.019646812230348587
step=200, loss=0.015069090761244297
step=225, loss=0.024751117452979088
step=250, loss=0.010577281005680561
step=275, loss=0.014758046716451645
step=300, loss=0.018463801592588425
step=325, loss=0.011822010390460491
step=350, loss=0.015513254329562187
step=375, loss=0.008310060948133469
epoch=148, train_loss=0.02521801, validation_loss=0.03576766
epoch=149
step=0, loss=0.033489421010017395
step=25, loss=0.014021812006831169
step=50, loss=0.05219076946377754
step=75, loss=0.025997642427682877
step=100, loss=0.01929313689470291
step=125, loss=0.02418304607272148
step=150, loss=0.01830841787159443
step=175, loss=0.022820210084319115
step=200, loss=0.02767130360007286
step=225, loss=0.025558162480592728
step=250, loss=0.01326807588338852
step=275, loss=0.040901243686676025
step=300, loss=0.0298600010573864
step=325, loss=0.022302960976958275
step=350, loss=0.022011468186974525
step=375, loss=0.028935568407177925
epoch=149, train_loss=0.02283495, validation_loss=0.01769728
Sampling...
device=device(type='cuda')
Saved 64 sample visualizations beside PosixPath('pusht_outputs/epoch_150.png')
epoch=150
step=0, loss=0.014701155945658684
step=25, loss=0.020432714372873306
step=50, loss=0.030789822340011597
step=75, loss=0.03011200949549675
step=100, loss=0.027605678886175156
